------------------------------------------------------------
Timing Analyzer Summary
------------------------------------------------------------

Type  : Slow 1200mV 85C Model Setup 'u0|sys_sdram_pll_0|sys_pll|PLL_for_DE_Series_Boards|auto_generated|pll1|clk[0]'
Slack : 7.720
TNS   : 0.000

Type  : Slow 1200mV 85C Model Setup 'u0|sys_sdram_pll_0|sys_pll|PLL_for_DE_Series_Boards|auto_generated|pll1|clk[1]'
Slack : 8.023
TNS   : 0.000

Type  : Slow 1200mV 85C Model Setup 'altera_reserved_tck'
Slack : 45.598
TNS   : 0.000

Type  : Slow 1200mV 85C Model Hold 'u0|sys_sdram_pll_0|sys_pll|PLL_for_DE_Series_Boards|auto_generated|pll1|clk[0]'
Slack : 0.296
TNS   : 0.000

Type  : Slow 1200mV 85C Model Hold 'altera_reserved_tck'
Slack : 0.402
TNS   : 0.000

Type  : Slow 1200mV 85C Model Hold 'u0|sys_sdram_pll_0|sys_pll|PLL_for_DE_Series_Boards|auto_generated|pll1|clk[1]'
Slack : 0.402
TNS   : 0.000

Type  : Slow 1200mV 85C Model Recovery 'u0|sys_sdram_pll_0|sys_pll|PLL_for_DE_Series_Boards|auto_generated|pll1|clk[1]'
Slack : 14.669
TNS   : 0.000

Type  : Slow 1200mV 85C Model Recovery 'u0|sys_sdram_pll_0|sys_pll|PLL_for_DE_Series_Boards|auto_generated|pll1|clk[0]'
Slack : 15.186
TNS   : 0.000

Type  : Slow 1200mV 85C Model Recovery 'altera_reserved_tck'
Slack : 48.050
TNS   : 0.000

Type  : Slow 1200mV 85C Model Removal 'altera_reserved_tck'
Slack : 1.196
TNS   : 0.000

Type  : Slow 1200mV 85C Model Removal 'u0|sys_sdram_pll_0|sys_pll|PLL_for_DE_Series_Boards|auto_generated|pll1|clk[0]'
Slack : 3.736
TNS   : 0.000

Type  : Slow 1200mV 85C Model Removal 'u0|sys_sdram_pll_0|sys_pll|PLL_for_DE_Series_Boards|auto_generated|pll1|clk[1]'
Slack : 4.223
TNS   : 0.000

Type  : Slow 1200mV 85C Model Minimum Pulse Width 'u0|sys_sdram_pll_0|sys_pll|PLL_for_DE_Series_Boards|auto_generated|pll1|clk[0]'
Slack : 9.617
TNS   : 0.000

Type  : Slow 1200mV 85C Model Minimum Pulse Width 'u0|sys_sdram_pll_0|sys_pll|PLL_for_DE_Series_Boards|auto_generated|pll1|clk[1]'
Slack : 9.706
TNS   : 0.000

Type  : Slow 1200mV 85C Model Minimum Pulse Width 'CLOCK_50'
Slack : 9.819
TNS   : 0.000

Type  : Slow 1200mV 85C Model Minimum Pulse Width 'altera_reserved_tck'
Slack : 49.547
TNS   : 0.000

Type  : Slow 1200mV 0C Model Setup 'u0|sys_sdram_pll_0|sys_pll|PLL_for_DE_Series_Boards|auto_generated|pll1|clk[0]'
Slack : 8.603
TNS   : 0.000

Type  : Slow 1200mV 0C Model Setup 'u0|sys_sdram_pll_0|sys_pll|PLL_for_DE_Series_Boards|auto_generated|pll1|clk[1]'
Slack : 8.830
TNS   : 0.000

Type  : Slow 1200mV 0C Model Setup 'altera_reserved_tck'
Slack : 46.093
TNS   : 0.000

Type  : Slow 1200mV 0C Model Hold 'u0|sys_sdram_pll_0|sys_pll|PLL_for_DE_Series_Boards|auto_generated|pll1|clk[0]'
Slack : 0.295
TNS   : 0.000

Type  : Slow 1200mV 0C Model Hold 'u0|sys_sdram_pll_0|sys_pll|PLL_for_DE_Series_Boards|auto_generated|pll1|clk[1]'
Slack : 0.353
TNS   : 0.000

Type  : Slow 1200mV 0C Model Hold 'altera_reserved_tck'
Slack : 0.354
TNS   : 0.000

Type  : Slow 1200mV 0C Model Recovery 'u0|sys_sdram_pll_0|sys_pll|PLL_for_DE_Series_Boards|auto_generated|pll1|clk[1]'
Slack : 15.170
TNS   : 0.000

Type  : Slow 1200mV 0C Model Recovery 'u0|sys_sdram_pll_0|sys_pll|PLL_for_DE_Series_Boards|auto_generated|pll1|clk[0]'
Slack : 15.679
TNS   : 0.000

Type  : Slow 1200mV 0C Model Recovery 'altera_reserved_tck'
Slack : 48.350
TNS   : 0.000

Type  : Slow 1200mV 0C Model Removal 'altera_reserved_tck'
Slack : 1.098
TNS   : 0.000

Type  : Slow 1200mV 0C Model Removal 'u0|sys_sdram_pll_0|sys_pll|PLL_for_DE_Series_Boards|auto_generated|pll1|clk[0]'
Slack : 3.375
TNS   : 0.000

Type  : Slow 1200mV 0C Model Removal 'u0|sys_sdram_pll_0|sys_pll|PLL_for_DE_Series_Boards|auto_generated|pll1|clk[1]'
Slack : 3.757
TNS   : 0.000

Type  : Slow 1200mV 0C Model Minimum Pulse Width 'u0|sys_sdram_pll_0|sys_pll|PLL_for_DE_Series_Boards|auto_generated|pll1|clk[0]'
Slack : 9.636
TNS   : 0.000

Type  : Slow 1200mV 0C Model Minimum Pulse Width 'u0|sys_sdram_pll_0|sys_pll|PLL_for_DE_Series_Boards|auto_generated|pll1|clk[1]'
Slack : 9.708
TNS   : 0.000

Type  : Slow 1200mV 0C Model Minimum Pulse Width 'CLOCK_50'
Slack : 9.799
TNS   : 0.000

Type  : Slow 1200mV 0C Model Minimum Pulse Width 'altera_reserved_tck'
Slack : 49.476
TNS   : 0.000

Type  : Fast 1200mV 0C Model Setup 'u0|sys_sdram_pll_0|sys_pll|PLL_for_DE_Series_Boards|auto_generated|pll1|clk[0]'
Slack : 13.626
TNS   : 0.000

Type  : Fast 1200mV 0C Model Setup 'u0|sys_sdram_pll_0|sys_pll|PLL_for_DE_Series_Boards|auto_generated|pll1|clk[1]'
Slack : 13.764
TNS   : 0.000

Type  : Fast 1200mV 0C Model Setup 'altera_reserved_tck'
Slack : 48.212
TNS   : 0.000

Type  : Fast 1200mV 0C Model Hold 'u0|sys_sdram_pll_0|sys_pll|PLL_for_DE_Series_Boards|auto_generated|pll1|clk[0]'
Slack : 0.106
TNS   : 0.000

Type  : Fast 1200mV 0C Model Hold 'altera_reserved_tck'
Slack : 0.180
TNS   : 0.000

Type  : Fast 1200mV 0C Model Hold 'u0|sys_sdram_pll_0|sys_pll|PLL_for_DE_Series_Boards|auto_generated|pll1|clk[1]'
Slack : 0.180
TNS   : 0.000

Type  : Fast 1200mV 0C Model Recovery 'u0|sys_sdram_pll_0|sys_pll|PLL_for_DE_Series_Boards|auto_generated|pll1|clk[1]'
Slack : 17.171
TNS   : 0.000

Type  : Fast 1200mV 0C Model Recovery 'u0|sys_sdram_pll_0|sys_pll|PLL_for_DE_Series_Boards|auto_generated|pll1|clk[0]'
Slack : 17.430
TNS   : 0.000

Type  : Fast 1200mV 0C Model Recovery 'altera_reserved_tck'
Slack : 49.360
TNS   : 0.000

Type  : Fast 1200mV 0C Model Removal 'altera_reserved_tck'
Slack : 0.567
TNS   : 0.000

Type  : Fast 1200mV 0C Model Removal 'u0|sys_sdram_pll_0|sys_pll|PLL_for_DE_Series_Boards|auto_generated|pll1|clk[0]'
Slack : 1.940
TNS   : 0.000

Type  : Fast 1200mV 0C Model Removal 'u0|sys_sdram_pll_0|sys_pll|PLL_for_DE_Series_Boards|auto_generated|pll1|clk[1]'
Slack : 2.149
TNS   : 0.000

Type  : Fast 1200mV 0C Model Minimum Pulse Width 'CLOCK_50'
Slack : 9.400
TNS   : 0.000

Type  : Fast 1200mV 0C Model Minimum Pulse Width 'u0|sys_sdram_pll_0|sys_pll|PLL_for_DE_Series_Boards|auto_generated|pll1|clk[0]'
Slack : 9.750
TNS   : 0.000

Type  : Fast 1200mV 0C Model Minimum Pulse Width 'u0|sys_sdram_pll_0|sys_pll|PLL_for_DE_Series_Boards|auto_generated|pll1|clk[1]'
Slack : 9.779
TNS   : 0.000

Type  : Fast 1200mV 0C Model Minimum Pulse Width 'altera_reserved_tck'
Slack : 49.301
TNS   : 0.000

------------------------------------------------------------
