Archive member included to satisfy reference by file (symbol)

/usr/local/3rdparty/altera/18.1/nios2eds/bin/gnu/H-x86_64-pc-linux-gnu/bin/../lib/gcc/nios2-elf/5.3.0/libgcc.a(addsf3.o)
                              obj/default/hello_world.o (__addsf3)
/usr/local/3rdparty/altera/18.1/nios2eds/bin/gnu/H-x86_64-pc-linux-gnu/bin/../lib/gcc/nios2-elf/5.3.0/libgcc.a(divsf3.o)
                              obj/default/hello_world.o (__divsf3)
/usr/local/3rdparty/altera/18.1/nios2eds/bin/gnu/H-x86_64-pc-linux-gnu/bin/../lib/gcc/nios2-elf/5.3.0/libgcc.a(gesf2.o)
                              obj/default/hello_world.o (__gesf2)
/usr/local/3rdparty/altera/18.1/nios2eds/bin/gnu/H-x86_64-pc-linux-gnu/bin/../lib/gcc/nios2-elf/5.3.0/libgcc.a(mulsf3.o)
                              obj/default/hello_world.o (__mulsf3)
/usr/local/3rdparty/altera/18.1/nios2eds/bin/gnu/H-x86_64-pc-linux-gnu/bin/../lib/gcc/nios2-elf/5.3.0/libgcc.a(subsf3.o)
                              obj/default/hello_world.o (__subsf3)
/usr/local/3rdparty/altera/18.1/nios2eds/bin/gnu/H-x86_64-pc-linux-gnu/bin/../lib/gcc/nios2-elf/5.3.0/libgcc.a(fixsfsi.o)
                              obj/default/hello_world.o (__fixsfsi)
/usr/local/3rdparty/altera/18.1/nios2eds/bin/gnu/H-x86_64-pc-linux-gnu/bin/../lib/gcc/nios2-elf/5.3.0/libgcc.a(floatsisf.o)
                              obj/default/hello_world.o (__floatsisf)
/usr/local/3rdparty/altera/18.1/nios2eds/bin/gnu/H-x86_64-pc-linux-gnu/bin/../lib/gcc/nios2-elf/5.3.0/libgcc.a(extendsfdf2.o)
                              obj/default/hello_world.o (__extendsfdf2)
/usr/local/3rdparty/altera/18.1/nios2eds/bin/gnu/H-x86_64-pc-linux-gnu/bin/../lib/gcc/nios2-elf/5.3.0/libgcc.a(_clzsi2.o)
                              /usr/local/3rdparty/altera/18.1/nios2eds/bin/gnu/H-x86_64-pc-linux-gnu/bin/../lib/gcc/nios2-elf/5.3.0/libgcc.a(addsf3.o) (__clzsi2)
/usr/local/3rdparty/altera/18.1/nios2eds/bin/gnu/H-x86_64-pc-linux-gnu/bin/../lib/gcc/nios2-elf/5.3.0/libgcc.a(_clz.o)
                              /usr/local/3rdparty/altera/18.1/nios2eds/bin/gnu/H-x86_64-pc-linux-gnu/bin/../lib/gcc/nios2-elf/5.3.0/libgcc.a(_clzsi2.o) (__clz_tab)
/usr/local/3rdparty/altera/18.1/nios2eds/bin/gnu/H-x86_64-pc-linux-gnu/bin/../lib/gcc/nios2-elf/5.3.0/../../../../../H-x86_64-pc-linux-gnu/nios2-elf/lib/libc.a(lib_a-printf.o)
                              obj/default/hello_world.o (printf)
/usr/local/3rdparty/altera/18.1/nios2eds/bin/gnu/H-x86_64-pc-linux-gnu/bin/../lib/gcc/nios2-elf/5.3.0/../../../../../H-x86_64-pc-linux-gnu/nios2-elf/lib/libc.a(lib_a-puts.o)
                              obj/default/hello_world.o (puts)
/usr/local/3rdparty/altera/18.1/nios2eds/bin/gnu/H-x86_64-pc-linux-gnu/bin/../lib/gcc/nios2-elf/5.3.0/../../../../../H-x86_64-pc-linux-gnu/nios2-elf/lib/libc.a(lib_a-rand.o)
                              obj/default/hello_world.o (srand)
/usr/local/3rdparty/altera/18.1/nios2eds/bin/gnu/H-x86_64-pc-linux-gnu/bin/../lib/gcc/nios2-elf/5.3.0/../../../../../H-x86_64-pc-linux-gnu/nios2-elf/lib/libc.a(lib_a-strlen.o)
                              /usr/local/3rdparty/altera/18.1/nios2eds/bin/gnu/H-x86_64-pc-linux-gnu/bin/../lib/gcc/nios2-elf/5.3.0/../../../../../H-x86_64-pc-linux-gnu/nios2-elf/lib/libc.a(lib_a-puts.o) (strlen)
/usr/local/3rdparty/altera/18.1/nios2eds/bin/gnu/H-x86_64-pc-linux-gnu/bin/../lib/gcc/nios2-elf/5.3.0/../../../../../H-x86_64-pc-linux-gnu/nios2-elf/lib/libc.a(lib_a-time.o)
                              obj/default/hello_world.o (time)
/usr/local/3rdparty/altera/18.1/nios2eds/bin/gnu/H-x86_64-pc-linux-gnu/bin/../lib/gcc/nios2-elf/5.3.0/../../../../../H-x86_64-pc-linux-gnu/nios2-elf/lib/libc.a(lib_a-vfprintf.o)
                              /usr/local/3rdparty/altera/18.1/nios2eds/bin/gnu/H-x86_64-pc-linux-gnu/bin/../lib/gcc/nios2-elf/5.3.0/../../../../../H-x86_64-pc-linux-gnu/nios2-elf/lib/libc.a(lib_a-printf.o) (___vfprintf_internal_r)
/usr/local/3rdparty/altera/18.1/nios2eds/bin/gnu/H-x86_64-pc-linux-gnu/bin/../lib/gcc/nios2-elf/5.3.0/../../../../../H-x86_64-pc-linux-gnu/nios2-elf/lib/libc.a(lib_a-wsetup.o)
                              /usr/local/3rdparty/altera/18.1/nios2eds/bin/gnu/H-x86_64-pc-linux-gnu/bin/../lib/gcc/nios2-elf/5.3.0/../../../../../H-x86_64-pc-linux-gnu/nios2-elf/lib/libc.a(lib_a-vfprintf.o) (__swsetup_r)
/usr/local/3rdparty/altera/18.1/nios2eds/bin/gnu/H-x86_64-pc-linux-gnu/bin/../lib/gcc/nios2-elf/5.3.0/../../../../../H-x86_64-pc-linux-gnu/nios2-elf/lib/libc.a(lib_a-dtoa.o)
                              /usr/local/3rdparty/altera/18.1/nios2eds/bin/gnu/H-x86_64-pc-linux-gnu/bin/../lib/gcc/nios2-elf/5.3.0/../../../../../H-x86_64-pc-linux-gnu/nios2-elf/lib/libc.a(lib_a-vfprintf.o) (_dtoa_r)
/usr/local/3rdparty/altera/18.1/nios2eds/bin/gnu/H-x86_64-pc-linux-gnu/bin/../lib/gcc/nios2-elf/5.3.0/../../../../../H-x86_64-pc-linux-gnu/nios2-elf/lib/libc.a(lib_a-fflush.o)
[...]
Memory Configuration

Name             Origin             Length             Attributes
reset            0x0000000001000000 0x0000000000000020
new_sdram_controller_0 0x0000000001000020 0x0000000000ffffe0
*default*        0x0000000000000000 0xffffffffffffffff

Linker script and memory map

LOAD ../lights_bsp//obj/HAL/src/crt0.o
LOAD obj/default/hello_world.o
LOAD /usr/local/3rdparty/altera/18.1/nios2eds/bin/gnu/H-x86_64-pc-linux-gnu/bin/../lib/gcc/nios2-elf/5.3.0/../../../../../H-x86_64-pc-linux-gnu/nios2-elf/lib/libstdc++.a
LOAD /usr/local/3rdparty/altera/18.1/nios2eds/bin/gnu/H-x86_64-pc-linux-gnu/bin/../lib/gcc/nios2-elf/5.3.0/../../../../../H-x86_64-pc-linux-gnu/nios2-elf/lib/libm.a
LOAD /usr/local/3rdparty/altera/18.1/nios2eds/bin/gnu/H-x86_64-pc-linux-gnu/bin/../lib/gcc/nios2-elf/5.3.0/libgcc.a
START GROUP
LOAD /usr/local/3rdparty/altera/18.1/nios2eds/bin/gnu/H-x86_64-pc-linux-gnu/bin/../lib/gcc/nios2-elf/5.3.0/../../../../../H-x86_64-pc-linux-gnu/nios2-elf/lib/libc.a
LOAD /usr/local/3rdparty/altera/18.1/nios2eds/bin/gnu/H-x86_64-pc-linux-gnu/bin/../lib/gcc/nios2-elf/5.3.0/libgcc.a
LOAD ../lights_bsp//libhal_bsp.a
LOAD /usr/local/3rdparty/altera/18.1/nios2eds/bin/gnu/H-x86_64-pc-linux-gnu/bin/../lib/gcc/nios2-elf/5.3.0/../../../../../H-x86_64-pc-linux-gnu/nios2-elf/lib/libm.a
END GROUP
LOAD /usr/local/3rdparty/altera/18.1/nios2eds/bin/gnu/H-x86_64-pc-linux-gnu/bin/../lib/gcc/nios2-elf/5.3.0/libgcc.a
                0x0000000001000000                __alt_mem_new_sdram_controller_0 = 0x1000000

.entry          0x0000000001000000       0x20
 *(.entry)
 .entry         0x0000000001000000       0x20 ../lights_bsp//obj/HAL/src/crt0.o
                0x0000000001000000                __reset

.exceptions     0x0000000001000020      0x224
                0x0000000001000020                PROVIDE (__ram_exceptions_start, ABSOLUTE (.))
                0x0000000001000020                . = ALIGN (0x20)
 *(.irq)
 *(.exceptions.entry.label)
 .exceptions.entry.label
                0x0000000001000020        0x0 ../lights_bsp//libhal_bsp.a(alt_irq_entry.o)
                0x0000000001000020                alt_irq_entry
 .exceptions.entry.label
                0x0000000001000020        0x0 ../lights_bsp//libhal_bsp.a(alt_exception_entry.o)
                0x0000000001000020                alt_exception
 *(.exceptions.entry.user)
 *(.exceptions.entry.ecc_fatal)
 *(.exceptions.entry)
 .exceptions.entry
                0x0000000001000020       0x54 ../lights_bsp//libhal_bsp.a(alt_exception_entry.o)
 *(.exceptions.irqtest.user)
 *(.exceptions.irqtest)
 .exceptions.irqtest
                0x0000000001000074       0x10 ../lights_bsp//libhal_bsp.a(alt_irq_entry.o)
 *(.exceptions.irqhandler.user)
 *(.exceptions.irqhandler)
 .exceptions.irqhandler
                0x0000000001000084        0x4 ../lights_bsp//libhal_bsp.a(alt_irq_entry.o)
 *(.exceptions.irqreturn.user)
 *(.exceptions.irqreturn)
 .exceptions.irqreturn
                0x0000000001000088        0x4 ../lights_bsp//libhal_bsp.a(alt_irq_entry.o)
 *(.exceptions.notirq.label)
 .exceptions.notirq.label
                0x000000000100008c        0x0 ../lights_bsp//libhal_bsp.a(alt_irq_entry.o)
 *(.exceptions.notirq.user)
 *(.exceptions.notirq)
 .exceptions.notirq
                0x000000000100008c        0x8 ../lights_bsp//libhal_bsp.a(alt_exception_entry.o)
 *(.exceptions.soft.user)
 *(.exceptions.soft)
 *(.exceptions.unknown.user)
 *(.exceptions.unknown)
 .exceptions.unknown
                0x0000000001000094       0x14 ../lights_bsp//libhal_bsp.a(alt_exception_entry.o)
 *(.exceptions.exit.label)
 .exceptions.exit.label
                0x00000000010000a8        0x0 ../lights_bsp//libhal_bsp.a(alt_irq_entry.o)
 .exceptions.exit.label
                0x00000000010000a8        0x0 ../lights_bsp//libhal_bsp.a(alt_exception_entry.o)
 *(.exceptions.exit.user)
 *(.exceptions.exit)
 .exceptions.exit
                0x00000000010000a8       0x54 ../lights_bsp//libhal_bsp.a(alt_exception_entry.o)
 *(.exceptions)
 .exceptions    0x00000000010000fc       0xd4 ../lights_bsp//libhal_bsp.a(alt_irq_handler.o)
                0x00000000010000fc                alt_irq_handler
 .exceptions    0x00000000010001d0       0x74 ../lights_bsp//libhal_bsp.a(alt_instruction_exception_entry.o)
                0x00000000010001d0                alt_instruction_exception_entry
                0x0000000001000244                PROVIDE (__ram_exceptions_end, ABSOLUTE (.))
                0x0000000001000020                PROVIDE (__flash_exceptions_start, LOADADDR (.exceptions))

.text           0x0000000001000244    0x10cb8
                [!provide]                        PROVIDE (stext, ABSOLUTE (.))
 *(.interp)
 *(.hash)
 *(.dynsym)
 *(.dynstr)
 *(.gnu.version)
 *(.gnu.version_d)
 *(.gnu.version_r)
 *(.rel.init)
 *(.rela.init)
 *(.rel.text .rel.text.* .rel.gnu.linkonce.t.*)
 *(.rela.text .rela.text.* .rela.gnu.linkonce.t.*)
 *(.rel.fini)
 *(.rela.fini)
 *(.rel.rodata .rel.rodata.* .rel.gnu.linkonce.r.*)
 *(.rela.rodata .rela.rodata.* .rela.gnu.linkonce.r.*)
 *(.rel.data .rel.data.* .rel.gnu.linkonce.d.*)
 *(.rela.data .rela.data.* .rela.gnu.linkonce.d.*)
 *(.rel.tdata .rel.tdata.* .rel.gnu.linkonce.td.*)
 *(.rela.tdata .rela.tdata.* .rela.gnu.linkonce.td.*)
 *(.rel.tbss .rel.tbss.* .rel.gnu.linkonce.tb.*)
 *(.rela.tbss .rela.tbss.* .rela.gnu.linkonce.tb.*)
 *(.rel.ctors)
 *(.rela.ctors)
 *(.rel.dtors)
 *(.rela.dtors)
 *(.rel.got)
 *(.rela.got)
 *(.rel.sdata .rel.sdata.* .rel.gnu.linkonce.s.*)
 *(.rela.sdata .rela.sdata.* .rela.gnu.linkonce.s.*)
 *(.rel.sbss .rel.sbss.* .rel.gnu.linkonce.sb.*)
 *(.rela.sbss .rela.sbss.* .rela.gnu.linkonce.sb.*)
 *(.rel.sdata2 .rel.sdata2.* .rel.gnu.linkonce.s2.*)
 *(.rela.sdata2 .rela.sdata2.* .rela.gnu.linkonce.s2.*)
 *(.rel.sbss2 .rel.sbss2.* .rel.gnu.linkonce.sb2.*)
 *(.rela.sbss2 .rela.sbss2.* .rela.gnu.linkonce.sb2.*)
 *(.rel.bss .rel.bss.* .rel.gnu.linkonce.b.*)
 *(.rela.bss .rela.bss.* .rela.gnu.linkonce.b.*)
 *(.rel.plt)
 *(.rela.plt)
 *(.rel.dyn)
 *(.init)
 *(.plt)
 *(.text .stub .text.* .gnu.linkonce.t.*)
 .text          0x0000000001000244       0x4c ../lights_bsp//obj/HAL/src/crt0.o
                0x0000000001000244                _start
 .text          0x0000000001000290      0x250 obj/default/hello_world.o
                0x0000000001000290                main
 .text          0x00000000010004e0      0x4c8 /usr/local/3rdparty/altera/18.1/nios2eds/bin/gnu/H-x86_64-pc-linux-gnu/bin/../lib/gcc/nios2-elf/5.3.0/libgcc.a(addsf3.o)
                0x00000000010004e0                __addsf3
 .text          0x00000000010009a8      0x440 /usr/local/3rdparty/altera/18.1/nios2eds/bin/gnu/H-x86_64-pc-linux-gnu/bin/../lib/gcc/nios2-elf/5.3.0/libgcc.a(divsf3.o)
                0x00000000010009a8                __divsf3
 .text          0x0000000001000de8       0xbc /usr/local/3rdparty/altera/18.1/nios2eds/bin/gnu/H-x86_64-pc-linux-gnu/bin/../lib/gcc/nios2-elf/5.3.0/libgcc.a(gesf2.o)
                0x0000000001000de8                __gtsf2
                0x0000000001000de8                __gesf2
 .text          0x0000000001000ea4      0x3fc /usr/local/3rdparty/altera/18.1/nios2eds/bin/gnu/H-x86_64-pc-linux-gnu/bin/../lib/gcc/nios2-elf/5.3.0/libgcc.a(mulsf3.o)
                0x0000000001000ea4                __mulsf3
 .text          0x00000000010012a0      0x4e4 /usr/local/3rdparty/altera/18.1/nios2eds/bin/gnu/H-x86_64-pc-linux-gnu/bin/../lib/gcc/nios2-elf/5.3.0/libgcc.a(subsf3.o)
                0x00000000010012a0                __subsf3
 .text          0x0000000001001784       0x70 /usr/local/3rdparty/altera/18.1/nios2eds/bin/gnu/H-x86_64-pc-linux-gnu/bin/../lib/gcc/nios2-elf/5.3.0/libgcc.a(fixsfsi.o)
                0x0000000001001784                __fixsfsi
 .text          0x00000000010017f4      0x124 /usr/local/3rdparty/altera/18.1/nios2eds/bin/gnu/H-x86_64-pc-linux-gnu/bin/../lib/gcc/nios2-elf/5.3.0/libgcc.a(floatsisf.o)
                0x00000000010017f4                __floatsisf
 .text          0x0000000001001918      0x110 /usr/local/3rdparty/altera/18.1/nios2eds/bin/gnu/H-x86_64-pc-linux-gnu/bin/../lib/gcc/nios2-elf/5.3.0/libgcc.a(extendsfdf2.o)
                0x0000000001001918                __extendsfdf2
 .text          0x0000000001001a28       0x64 /usr/local/3rdparty/altera/18.1/nios2eds/bin/gnu/H-x86_64-pc-linux-gnu/bin/../lib/gcc/nios2-elf/5.3.0/libgcc.a(_clzsi2.o)
                0x0000000001001a28                __clzsi2
 .text          0x0000000001001a8c        0x0 /usr/local/3rdparty/altera/18.1/nios2eds/bin/gnu/H-x86_64-pc-linux-gnu/bin/../lib/gcc/nios2-elf/5.3.0/libgcc.a(_clz.o)
 .text          0x0000000001001a8c        0x0 /usr/local/3rdparty/altera/18.1/nios2eds/bin/gnu/H-x86_64-pc-linux-gnu/bin/../lib/gcc/nios2-elf/5.3.0/../../../../../H-x86_64-pc-linux-gnu/nios2-elf/lib/libc.a(lib_a-printf.o)
 .text._printf_r
                0x0000000001001a8c       0x30 /usr/local/3rdparty/altera/18.1/nios2eds/bin/gnu/H-x86_64-pc-linux-gnu/bin/../lib/gcc/nios2-elf/5.3.0/../../../../../H-x86_64-pc-linux-gnu/nios2-elf/lib/libc.a(lib_a-printf.o)
                0x0000000001001a8c                _printf_r
 .text.printf   0x0000000001001abc       0x3c /usr/local/3rdparty/altera/18.1/nios2eds/bin/gnu/H-x86_64-pc-linux-gnu/bin/../lib/gcc/nios2-elf/5.3.0/../../../../../H-x86_64-pc-linux-gnu/nios2-elf/lib/libc.a(lib_a-printf.o)
                0x0000000001001abc                printf
 .text          0x0000000001001af8        0x0 /usr/local/3rdparty/altera/18.1/nios2eds/bin/gnu/H-x86_64-pc-linux-gnu/bin/../lib/gcc/nios2-elf/5.3.0/../../../../../H-x86_64-pc-linux-gnu/nios2-elf/lib/libc.a(lib_a-puts.o)
 .text._puts_r  0x0000000001001af8       0xc0 /usr/local/3rdparty/altera/18.1/nios2eds/bin/gnu/H-x86_64-pc-linux-gnu/bin/../lib/gcc/nios2-elf/5.3.0/../../../../../H-x86_64-pc-linux-gnu/nios2-elf/lib/libc.a(lib_a-puts.o)
                0x0000000001001af8                _puts_r
 .text.puts     0x0000000001001bb8       0x14 /usr/local/3rdparty/altera/18.1/nios2eds/bin/gnu/H-x86_64-pc-linux-gnu/bin/../lib/gcc/nios2-elf/5.3.0/../../../../../H-x86_64-pc-linux-gnu/nios2-elf/lib/libc.a(lib_a-puts.o)
                0x0000000001001bb8                puts
 .text          0x0000000001001bcc        0x0 /usr/local/3rdparty/altera/18.1/nios2eds/bin/gnu/H-x86_64-pc-linux-gnu/bin/../lib/gcc/nios2-elf/5.3.0/../../../../../H-x86_64-pc-linux-gnu/nios2-elf/lib/libc.a(lib_a-rand.o)
 .text.srand    0x0000000001001bcc       0x18 /usr/local/3rdparty/altera/18.1/nios2eds/bin/gnu/H-x86_64-pc-linux-gnu/bin/../lib/gcc/nios2-elf/5.3.0/../../../../../H-x86_64-pc-linux-gnu/nios2-elf/lib/libc.a(lib_a-rand.o)
                0x0000000001001bcc                srand
 .text.rand     0x0000000001001be4       0x64 /usr/local/3rdparty/altera/18.1/nios2eds/bin/gnu/H-x86_64-pc-linux-gnu/bin/../lib/gcc/nios2-elf/5.3.0/../../../../../H-x86_64-pc-linux-gnu/nios2-elf/lib/libc.a(lib_a-rand.o)
                0x0000000001001be4                rand
 .text          0x0000000001001c48        0x0 /usr/local/3rdparty/altera/18.1/nios2eds/bin/gnu/H-x86_64-pc-linux-gnu/bin/../lib/gcc/nios2-elf/5.3.0/../../../../../H-x86_64-pc-linux-gnu/nios2-elf/lib/libc.a(lib_a-strlen.o)
 .text.strlen   0x0000000001001c48       0x98 /usr/local/3rdparty/altera/18.1/nios2eds/bin/gnu/H-x86_64-pc-linux-gnu/bin/../lib/gcc/nios2-elf/5.3.0/../../../../../H-x86_64-pc-linux-gnu/nios2-elf/lib/libc.a(lib_a-strlen.o)
                0x0000000001001c48                strlen
 .text          0x0000000001001ce0        0x0 /usr/local/3rdparty/altera/18.1/nios2eds/bin/gnu/H-x86_64-pc-linux-gnu/bin/../lib/gcc/nios2-elf/5.3.0/../../../../../H-x86_64-pc-linux-gnu/nios2-elf/lib/libc.a(lib_a-time.o)
 .text.time     0x0000000001001ce0       0x50 /usr/local/3rdparty/altera/18.1/nios2eds/bin/gnu/H-x86_64-pc-linux-gnu/bin/../lib/gcc/nios2-elf/5.3.0/../../../../../H-x86_64-pc-linux-gnu/nios2-elf/lib/libc.a(lib_a-time.o)
                0x0000000001001ce0                time
 .text          0x0000000001001d30        0x0 /usr/local/3rdparty/altera/18.1/nios2eds/bin/gnu/H-x86_64-pc-linux-gnu/bin/../lib/gcc/nios2-elf/5.3.0/../../../../../H-x86_64-pc-linux-gnu/nios2-elf/lib/libc.a(lib_a-vfprintf.o)
 .text.___vfprintf_internal_r
                0x0000000001001d30     0x21f8 /usr/local/3rdparty/altera/18.1/nios2eds/bin/gnu/H-x86_64-pc-linux-gnu/bin/../lib/gcc/nios2-elf/5.3.0/../../../../../H-x86_64-pc-linux-gnu/nios2-elf/lib/libc.a(lib_a-vfprintf.o)
                0x0000000001001d30                ___vfprintf_internal_r
 .text.__vfprintf_internal
                0x0000000001003f28       0x1c /usr/local/3rdparty/altera/18.1/nios2eds/bin/gnu/H-x86_64-pc-linux-gnu/bin/../lib/gcc/nios2-elf/5.3.0/../../../../../H-x86_64-pc-linux-gnu/nios2-elf/lib/libc.a(lib_a-vfprintf.o)
                0x0000000001003f28                __vfprintf_internal
 .text.__sbprintf
                0x0000000001003f44       0xbc /usr/local/3rdparty/altera/18.1/nios2eds/bin/gnu/H-x86_64-pc-linux-gnu/bin/../lib/gcc/nios2-elf/5.3.0/../../../../../H-x86_64-pc-linux-gnu/nios2-elf/lib/libc.a(lib_a-vfprintf.o)
 .text          0x0000000001004000        0x0 /usr/local/3rdparty/altera/18.1/nios2eds/bin/gnu/H-x86_64-pc-linux-gnu/bin/../lib/gcc/nios2-elf/5.3.0/../../../../../H-x86_64-pc-linux-gnu/nios2-elf/lib/libc.a(lib_a-wsetup.o)
 .text.__swsetup_r
                0x0000000001004000      0x154 /usr/local/3rdparty/altera/18.1/nios2eds/bin/gnu/H-x86_64-pc-linux-gnu/bin/../lib/gcc/nios2-elf/5.3.0/../../../../../H-x86_64-pc-linux-gnu/nios2-elf/lib/libc.a(lib_a-wsetup.o)
                0x0000000001004000                __swsetup_r
 .text          0x0000000001004154        0x0 /usr/local/3rdparty/altera/18.1/nios2eds/bin/gnu/H-x86_64-pc-linux-gnu/bin/../lib/gcc/nios2-elf/5.3.0/../../../../../H-x86_64-pc-linux-gnu/nios2-elf/lib/libc.a(lib_a-dtoa.o)
 .text.quorem   0x0000000001004154      0x200 /usr/local/3rdparty/altera/18.1/nios2eds/bin/gnu/H-x86_64-pc-linux-gnu/bin/../lib/gcc/nios2-elf/5.3.0/../../../../../H-x86_64-pc-linux-gnu/nios2-elf/lib/libc.a(lib_a-dtoa.o)
 .text._dtoa_r  0x0000000001004354     0x1688 /usr/local/3rdparty/altera/18.1/nios2eds/bin/gnu/H-x86_64-pc-linux-gnu/bin/../lib/gcc/nios2-elf/5.3.0/../../../../../H-x86_64-pc-linux-gnu/nios2-elf/lib/libc.a(lib_a-dtoa.o)
                0x0000000001004354                _dtoa_r
 .text          0x00000000010059dc        0x0 /usr/local/3rdparty/altera/18.1/nios2eds/bin/gnu/H-x86_64-pc-linux-gnu/bin/../lib/gcc/nios2-elf/5.3.0/../../../../../H-x86_64-pc-linux-gnu/nios2-elf/lib/libc.a(lib_a-fflush.o)
 .text.__sflush_r
                0x00000000010059dc      0x21c /usr/local/3rdparty/altera/18.1/nios2eds/bin/gnu/H-x86_64-pc-linux-gnu/bin/../lib/gcc/nios2-elf/5.3.0/../../../../../H-x86_64-pc-linux-gnu/nios2-elf/lib/libc.a(lib_a-fflush.o)
                0x00000000010059dc                __sflush_r
 .text._fflush_r
                0x0000000001005bf8       0x5c /usr/local/3rdparty/altera/18.1/nios2eds/bin/gnu/H-x86_64-pc-linux-gnu/bin/../lib/gcc/nios2-elf/5.3.0/../../../../../H-x86_64-pc-linux-gnu/nios2-elf/lib/libc.a(lib_a-fflush.o)
                0x0000000001005bf8                _fflush_r
 .text.fflush   0x0000000001005c54       0x30 /usr/local/3rdparty/altera/18.1/nios2eds/bin/gnu/H-x86_64-pc-linux-gnu/bin/../lib/gcc/nios2-elf/5.3.0/../../../../../H-x86_64-pc-linux-gnu/nios2-elf/lib/libc.a(lib_a-fflush.o)
                0x0000000001005c54                fflush
 .text          0x0000000001005c84        0x0 /usr/local/3rdparty/altera/18.1/nios2eds/bin/gnu/H-x86_64-pc-linux-gnu/bin/../lib/gcc/nios2-elf/5.3.0/../../../../../H-x86_64-pc-linux-gnu/nios2-elf/lib/libc.a(lib_a-findfp.o)
 .text.__fp_unlock
                0x0000000001005c84        0x8 /usr/local/3rdparty/altera/18.1/nios2eds/bin/gnu/H-x86_64-pc-linux-gnu/bin/../lib/gcc/nios2-elf/5.3.0/../../../../../H-x86_64-pc-linux-gnu/nios2-elf/lib/libc.a(lib_a-findfp.o)
 .text._cleanup_r
                0x0000000001005c8c        0xc /usr/local/3rdparty/altera/18.1/nios2eds/bin/gnu/H-x86_64-pc-linux-gnu/bin/../lib/gcc/nios2-elf/5.3.0/../../../../../H-x86_64-pc-linux-gnu/nios2-elf/lib/libc.a(lib_a-findfp.o)
                0x0000000001005c8c                _cleanup_r
 .text.__sinit.part.1
                0x0000000001005c98      0x19c /usr/local/3rdparty/altera/18.1/nios2eds/bin/gnu/H-x86_64-pc-linux-gnu/bin/../lib/gcc/nios2-elf/5.3.0/../../../../../H-x86_64-pc-linux-gnu/nios2-elf/lib/libc.a(lib_a-findfp.o)
 .text.__fp_lock
                0x0000000001005e34        0x8 /usr/local/3rdparty/altera/18.1/nios2eds/bin/gnu/H-x86_64-pc-linux-gnu/bin/../lib/gcc/nios2-elf/5.3.0/../../../../../H-x86_64-pc-linux-gnu/nios2-elf/lib/libc.a(lib_a-findfp.o)
 .text.__sfmoreglue
                0x0000000001005e3c       0x68 /usr/local/3rdparty/altera/18.1/nios2eds/bin/gnu/H-x86_64-pc-linux-gnu/bin/../lib/gcc/nios2-elf/5.3.0/../../../../../H-x86_64-pc-linux-gnu/nios2-elf/lib/libc.a(lib_a-findfp.o)
                0x0000000001005e3c                __sfmoreglue
 .text.__sfp    0x0000000001005ea4      0x118 /usr/local/3rdparty/altera/18.1/nios2eds/bin/gnu/H-x86_64-pc-linux-gnu/bin/../lib/gcc/nios2-elf/5.3.0/../../../../../H-x86_64-pc-linux-gnu/nios2-elf/lib/libc.a(lib_a-findfp.o)
                0x0000000001005ea4                __sfp
 .text._cleanup
                0x0000000001005fbc       0x18 /usr/local/3rdparty/altera/18.1/nios2eds/bin/gnu/H-x86_64-pc-linux-gnu/bin/../lib/gcc/nios2-elf/5.3.0/../../../../../H-x86_64-pc-linux-gnu/nios2-elf/lib/libc.a(lib_a-findfp.o)
                0x0000000001005fbc                _cleanup
 .text.__sinit  0x0000000001005fd4       0x10 /usr/local/3rdparty/altera/18.1/nios2eds/bin/gnu/H-x86_64-pc-linux-gnu/bin/../lib/gcc/nios2-elf/5.3.0/../../../../../H-x86_64-pc-linux-gnu/nios2-elf/lib/libc.a(lib_a-findfp.o)
                0x0000000001005fd4                __sinit
 .text.__sfp_lock_acquire
                0x0000000001005fe4        0x4 /usr/local/3rdparty/altera/18.1/nios2eds/bin/gnu/H-x86_64-pc-linux-gnu/bin/../lib/gcc/nios2-elf/5.3.0/../../../../../H-x86_64-pc-linux-gnu/nios2-elf/lib/libc.a(lib_a-findfp.o)
                0x0000000001005fe4                __sfp_lock_acquire
 .text.__sfp_lock_release
                0x0000000001005fe8        0x4 /usr/local/3rdparty/altera/18.1/nios2eds/bin/gnu/H-x86_64-pc-linux-gnu/bin/../lib/gcc/nios2-elf/5.3.0/../../../../../H-x86_64-pc-linux-gnu/nios2-elf/lib/libc.a(lib_a-findfp.o)
                0x0000000001005fe8                __sfp_lock_release
 .text.__sinit_lock_acquire
                0x0000000001005fec        0x4 /usr/local/3rdparty/altera/18.1/nios2eds/bin/gnu/H-x86_64-pc-linux-gnu/bin/../lib/gcc/nios2-elf/5.3.0/../../../../../H-x86_64-pc-linux-gnu/nios2-elf/lib/libc.a(lib_a-findfp.o)
                0x0000000001005fec                __sinit_lock_acquire
 .text.__sinit_lock_release
                0x0000000001005ff0        0x4 /usr/local/3rdparty/altera/18.1/nios2eds/bin/gnu/H-x86_64-pc-linux-gnu/bin/../lib/gcc/nios2-elf/5.3.0/../../../../../H-x86_64-pc-linux-gnu/nios2-elf/lib/libc.a(lib_a-findfp.o)
                0x0000000001005ff0                __sinit_lock_release
 .text.__fp_lock_all
                0x0000000001005ff4       0x18 /usr/local/3rdparty/altera/18.1/nios2eds/bin/gnu/H-x86_64-pc-linux-gnu/bin/../lib/gcc/nios2-elf/5.3.0/../../../../../H-x86_64-pc-linux-gnu/nios2-elf/lib/libc.a(lib_a-findfp.o)
                0x0000000001005ff4                __fp_lock_all
 .text.__fp_unlock_all
                0x000000000100600c       0x18 /usr/local/3rdparty/altera/18.1/nios2eds/bin/gnu/H-x86_64-pc-linux-gnu/bin/../lib/gcc/nios2-elf/5.3.0/../../../../../H-x86_64-pc-linux-gnu/nios2-elf/lib/libc.a(lib_a-findfp.o)
                0x000000000100600c                __fp_unlock_all
 .text          0x0000000001006024        0x0 /usr/local/3rdparty/altera/18.1/nios2eds/bin/gnu/H-x86_64-pc-linux-gnu/bin/../lib/gcc/nios2-elf/5.3.0/../../../../../H-x86_64-pc-linux-gnu/nios2-elf/lib/libc.a(lib_a-freer.o)
 .text._malloc_trim_r
                0x0000000001006024      0x124 /usr/local/3rdparty/altera/18.1/nios2eds/bin/gnu/H-x86_64-pc-linux-gnu/bin/../lib/gcc/nios2-elf/5.3.0/../../../../../H-x86_64-pc-linux-gnu/nios2-elf/lib/libc.a(lib_a-freer.o)
                0x0000000001006024                _malloc_trim_r
 .text._free_r  0x0000000001006148      0x310 /usr/local/3rdparty/altera/18.1/nios2eds/bin/gnu/H-x86_64-pc-linux-gnu/bin/../lib/gcc/nios2-elf/5.3.0/../../../../../H-x86_64-pc-linux-gnu/nios2-elf/lib/libc.a(lib_a-freer.o)
                0x0000000001006148                _free_r
 .text          0x0000000001006458        0x0 /usr/local/3rdparty/altera/18.1/nios2eds/bin/gnu/H-x86_64-pc-linux-gnu/bin/../lib/gcc/nios2-elf/5.3.0/../../../../../H-x86_64-pc-linux-gnu/nios2-elf/lib/libc.a(lib_a-fvwrite.o)
 .text.__sfvwrite_r
                0x0000000001006458      0x4bc /usr/local/3rdparty/altera/18.1/nios2eds/bin/gnu/H-x86_64-pc-linux-gnu/bin/../lib/gcc/nios2-elf/5.3.0/../../../../../H-x86_64-pc-linux-gnu/nios2-elf/lib/libc.a(lib_a-fvwrite.o)
                0x0000000001006458                __sfvwrite_r
 .text          0x0000000001006914        0x0 /usr/local/3rdparty/altera/18.1/nios2eds/bin/gnu/H-x86_64-pc-linux-gnu/bin/../lib/gcc/nios2-elf/5.3.0/../../../../../H-x86_64-pc-linux-gnu/nios2-elf/lib/libc.a(lib_a-fwalk.o)
 .text._fwalk   0x0000000001006914       0xc4 /usr/local/3rdparty/altera/18.1/nios2eds/bin/gnu/H-x86_64-pc-linux-gnu/bin/../lib/gcc/nios2-elf/5.3.0/../../../../../H-x86_64-pc-linux-gnu/nios2-elf/lib/libc.a(lib_a-fwalk.o)
                0x0000000001006914                _fwalk
 .text._fwalk_reent
                0x00000000010069d8       0xc4 /usr/local/3rdparty/altera/18.1/nios2eds/bin/gnu/H-x86_64-pc-linux-gnu/bin/../lib/gcc/nios2-elf/5.3.0/../../../../../H-x86_64-pc-linux-gnu/nios2-elf/lib/libc.a(lib_a-fwalk.o)
                0x00000000010069d8                _fwalk_reent
 .text          0x0000000001006a9c        0x0 /usr/local/3rdparty/altera/18.1/nios2eds/bin/gnu/H-x86_64-pc-linux-gnu/bin/../lib/gcc/nios2-elf/5.3.0/../../../../../H-x86_64-pc-linux-gnu/nios2-elf/lib/libc.a(lib_a-gettimeofdayr.o)
 .text._gettimeofday_r
                0x0000000001006a9c       0x5c /usr/local/3rdparty/altera/18.1/nios2eds/bin/gnu/H-x86_64-pc-linux-gnu/bin/../lib/gcc/nios2-elf/5.3.0/../../../../../H-x86_64-pc-linux-gnu/nios2-elf/lib/libc.a(lib_a-gettimeofdayr.o)
                0x0000000001006a9c                _gettimeofday_r
 .text          0x0000000001006af8        0x0 /usr/local/3rdparty/altera/18.1/nios2eds/bin/gnu/H-x86_64-pc-linux-gnu/bin/../lib/gcc/nios2-elf/5.3.0/../../../../../H-x86_64-pc-linux-gnu/nios2-elf/lib/libc.a(lib_a-impure.o)
 .text          0x0000000001006af8        0x0 /usr/local/3rdparty/altera/18.1/nios2eds/bin/gnu/H-x86_64-pc-linux-gnu/bin/../lib/gcc/nios2-elf/5.3.0/../../../../../H-x86_64-pc-linux-gnu/nios2-elf/lib/libc.a(lib_a-int_errno.o)
 .text          0x0000000001006af8        0x0 /usr/local/3rdparty/altera/18.1/nios2eds/bin/gnu/H-x86_64-pc-linux-gnu/bin/../lib/gcc/nios2-elf/5.3.0/../../../../../H-x86_64-pc-linux-gnu/nios2-elf/lib/libc.a(lib_a-locale.o)
 .text._setlocale_r
                0x0000000001006af8       0x7c /usr/local/3rdparty/altera/18.1/nios2eds/bin/gnu/H-x86_64-pc-linux-gnu/bin/../lib/gcc/nios2-elf/5.3.0/../../../../../H-x86_64-pc-linux-gnu/nios2-elf/lib/libc.a(lib_a-locale.o)
                0x0000000001006af8                _setlocale_r
 .text.__locale_charset
                0x0000000001006b74        0xc /usr/local/3rdparty/altera/18.1/nios2eds/bin/gnu/H-x86_64-pc-linux-gnu/bin/../lib/gcc/nios2-elf/5.3.0/../../../../../H-x86_64-pc-linux-gnu/nios2-elf/lib/libc.a(lib_a-locale.o)
                0x0000000001006b74                __locale_charset
 .text.__locale_mb_cur_max
                0x0000000001006b80       0x10 /usr/local/3rdparty/altera/18.1/nios2eds/bin/gnu/H-x86_64-pc-linux-gnu/bin/../lib/gcc/nios2-elf/5.3.0/../../../../../H-x86_64-pc-linux-gnu/nios2-elf/lib/libc.a(lib_a-locale.o)
                0x0000000001006b80                __locale_mb_cur_max
 .text.__locale_msgcharset
                0x0000000001006b90        0xc /usr/local/3rdparty/altera/18.1/nios2eds/bin/gnu/H-x86_64-pc-linux-gnu/bin/../lib/gcc/nios2-elf/5.3.0/../../../../../H-x86_64-pc-linux-gnu/nios2-elf/lib/libc.a(lib_a-locale.o)
                0x0000000001006b90                __locale_msgcharset
 .text.__locale_cjk_lang
                0x0000000001006b9c        0x8 /usr/local/3rdparty/altera/18.1/nios2eds/bin/gnu/H-x86_64-pc-linux-gnu/bin/../lib/gcc/nios2-elf/5.3.0/../../../../../H-x86_64-pc-linux-gnu/nios2-elf/lib/libc.a(lib_a-locale.o)
                0x0000000001006b9c                __locale_cjk_lang
 .text._localeconv_r
                0x0000000001006ba4        0xc /usr/local/3rdparty/altera/18.1/nios2eds/bin/gnu/H-x86_64-pc-linux-gnu/bin/../lib/gcc/nios2-elf/5.3.0/../../../../../H-x86_64-pc-linux-gnu/nios2-elf/lib/libc.a(lib_a-locale.o)
                0x0000000001006ba4                _localeconv_r
 .text.setlocale
                0x0000000001006bb0       0x18 /usr/local/3rdparty/altera/18.1/nios2eds/bin/gnu/H-x86_64-pc-linux-gnu/bin/../lib/gcc/nios2-elf/5.3.0/../../../../../H-x86_64-pc-linux-gnu/nios2-elf/lib/libc.a(lib_a-locale.o)
                0x0000000001006bb0                setlocale
 .text.localeconv
                0x0000000001006bc8        0xc /usr/local/3rdparty/altera/18.1/nios2eds/bin/gnu/H-x86_64-pc-linux-gnu/bin/../lib/gcc/nios2-elf/5.3.0/../../../../../H-x86_64-pc-linux-gnu/nios2-elf/lib/libc.a(lib_a-locale.o)
                0x0000000001006bc8                localeconv
 .text          0x0000000001006bd4        0x0 /usr/local/3rdparty/altera/18.1/nios2eds/bin/gnu/H-x86_64-pc-linux-gnu/bin/../lib/gcc/nios2-elf/5.3.0/../../../../../H-x86_64-pc-linux-gnu/nios2-elf/lib/libc.a(lib_a-makebuf.o)
 .text.__smakebuf_r
                0x0000000001006bd4      0x1bc /usr/local/3rdparty/altera/18.1/nios2eds/bin/gnu/H-x86_64-pc-linux-gnu/bin/../lib/gcc/nios2-elf/5.3.0/../../../../../H-x86_64-pc-linux-gnu/nios2-elf/lib/libc.a(lib_a-makebuf.o)
                0x0000000001006bd4                __smakebuf_r
 .text          0x0000000001006d90        0x0 /usr/local/3rdparty/altera/18.1/nios2eds/bin/gnu/H-x86_64-pc-linux-gnu/bin/../lib/gcc/nios2-elf/5.3.0/../../../../../H-x86_64-pc-linux-gnu/nios2-elf/lib/libc.a(lib_a-mallocr.o)
 .text._malloc_r
                0x0000000001006d90      0x80c /usr/local/3rdparty/altera/18.1/nios2eds/bin/gnu/H-x86_64-pc-linux-gnu/bin/../lib/gcc/nios2-elf/5.3.0/../../../../../H-x86_64-pc-linux-gnu/nios2-elf/lib/libc.a(lib_a-mallocr.o)
                0x0000000001006d90                _malloc_r
 .text          0x000000000100759c        0x0 /usr/local/3rdparty/altera/18.1/nios2eds/bin/gnu/H-x86_64-pc-linux-gnu/bin/../lib/gcc/nios2-elf/5.3.0/../../../../../H-x86_64-pc-linux-gnu/nios2-elf/lib/libc.a(lib_a-memchr.o)
 .text.memchr   0x000000000100759c       0xe4 /usr/local/3rdparty/altera/18.1/nios2eds/bin/gnu/H-x86_64-pc-linux-gnu/bin/../lib/gcc/nios2-elf/5.3.0/../../../../../H-x86_64-pc-linux-gnu/nios2-elf/lib/libc.a(lib_a-memchr.o)
                0x000000000100759c                memchr
 .text          0x0000000001007680        0x0 /usr/local/3rdparty/altera/18.1/nios2eds/bin/gnu/H-x86_64-pc-linux-gnu/bin/../lib/gcc/nios2-elf/5.3.0/../../../../../H-x86_64-pc-linux-gnu/nios2-elf/lib/libc.a(lib_a-memcpy.o)
 .text.memcpy   0x0000000001007680      0x148 /usr/local/3rdparty/altera/18.1/nios2eds/bin/gnu/H-x86_64-pc-linux-gnu/bin/../lib/gcc/nios2-elf/5.3.0/../../../../../H-x86_64-pc-linux-gnu/nios2-elf/lib/libc.a(lib_a-memcpy.o)
                0x0000000001007680                memcpy
 .text          0x00000000010077c8        0x0 /usr/local/3rdparty/altera/18.1/nios2eds/bin/gnu/H-x86_64-pc-linux-gnu/bin/../lib/gcc/nios2-elf/5.3.0/../../../../../H-x86_64-pc-linux-gnu/nios2-elf/lib/libc.a(lib_a-memmove.o)
 .text.memmove  0x00000000010077c8      0x15c /usr/local/3rdparty/altera/18.1/nios2eds/bin/gnu/H-x86_64-pc-linux-gnu/bin/../lib/gcc/nios2-elf/5.3.0/../../../../../H-x86_64-pc-linux-gnu/nios2-elf/lib/libc.a(lib_a-memmove.o)
                0x00000000010077c8                memmove
 .text          0x0000000001007924        0x0 /usr/local/3rdparty/altera/18.1/nios2eds/bin/gnu/H-x86_64-pc-linux-gnu/bin/../lib/gcc/nios2-elf/5.3.0/../../../../../H-x86_64-pc-linux-gnu/nios2-elf/lib/libc.a(lib_a-memset.o)
 .text.memset   0x0000000001007924      0x128 /usr/local/3rdparty/altera/18.1/nios2eds/bin/gnu/H-x86_64-pc-linux-gnu/bin/../lib/gcc/nios2-elf/5.3.0/../../../../../H-x86_64-pc-linux-gnu/nios2-elf/lib/libc.a(lib_a-memset.o)
                0x0000000001007924                memset
 .text          0x0000000001007a4c        0x0 /usr/local/3rdparty/altera/18.1/nios2eds/bin/gnu/H-x86_64-pc-linux-gnu/bin/../lib/gcc/nios2-elf/5.3.0/../../../../../H-x86_64-pc-linux-gnu/nios2-elf/lib/libc.a(lib_a-mprec.o)
 .text._Balloc  0x0000000001007a4c       0xa8 /usr/local/3rdparty/altera/18.1/nios2eds/bin/gnu/H-x86_64-pc-linux-gnu/bin/../lib/gcc/nios2-elf/5.3.0/../../../../../H-x86_64-pc-linux-gnu/nios2-elf/lib/libc.a(lib_a-mprec.o)
                0x0000000001007a4c                _Balloc
 .text._Bfree   0x0000000001007af4       0x28 /usr/local/3rdparty/altera/18.1/nios2eds/bin/gnu/H-x86_64-pc-linux-gnu/bin/../lib/gcc/nios2-elf/5.3.0/../../../../../H-x86_64-pc-linux-gnu/nios2-elf/lib/libc.a(lib_a-mprec.o)
                0x0000000001007af4                _Bfree
 .text.__multadd
                0x0000000001007b1c      0x120 /usr/local/3rdparty/altera/18.1/nios2eds/bin/gnu/H-x86_64-pc-linux-gnu/bin/../lib/gcc/nios2-elf/5.3.0/../../../../../H-x86_64-pc-linux-gnu/nios2-elf/lib/libc.a(lib_a-mprec.o)
                0x0000000001007b1c                __multadd
 .text.__s2b    0x0000000001007c3c      0x104 /usr/local/3rdparty/altera/18.1/nios2eds/bin/gnu/H-x86_64-pc-linux-gnu/bin/../lib/gcc/nios2-elf/5.3.0/../../../../../H-x86_64-pc-linux-gnu/nios2-elf/lib/libc.a(lib_a-mprec.o)
                0x0000000001007c3c                __s2b
 .text.__hi0bits
                0x0000000001007d40       0x68 /usr/local/3rdparty/altera/18.1/nios2eds/bin/gnu/H-x86_64-pc-linux-gnu/bin/../lib/gcc/nios2-elf/5.3.0/../../../../../H-x86_64-pc-linux-gnu/nios2-elf/lib/libc.a(lib_a-mprec.o)
                0x0000000001007d40                __hi0bits
 .text.__lo0bits
                0x0000000001007da8       0xb0 /usr/local/3rdparty/altera/18.1/nios2eds/bin/gnu/H-x86_64-pc-linux-gnu/bin/../lib/gcc/nios2-elf/5.3.0/../../../../../H-x86_64-pc-linux-gnu/nios2-elf/lib/libc.a(lib_a-mprec.o)
                0x0000000001007da8                __lo0bits
 .text.__i2b    0x0000000001007e58       0x3c /usr/local/3rdparty/altera/18.1/nios2eds/bin/gnu/H-x86_64-pc-linux-gnu/bin/../lib/gcc/nios2-elf/5.3.0/../../../../../H-x86_64-pc-linux-gnu/nios2-elf/lib/libc.a(lib_a-mprec.o)
                0x0000000001007e58                __i2b
 .text.__multiply
                0x0000000001007e94      0x1f8 /usr/local/3rdparty/altera/18.1/nios2eds/bin/gnu/H-x86_64-pc-linux-gnu/bin/../lib/gcc/nios2-elf/5.3.0/../../../../../H-x86_64-pc-linux-gnu/nios2-elf/lib/libc.a(lib_a-mprec.o)
                0x0000000001007e94                __multiply
 .text.__pow5mult
                0x000000000100808c      0x140 /usr/local/3rdparty/altera/18.1/nios2eds/bin/gnu/H-x86_64-pc-linux-gnu/bin/../lib/gcc/nios2-elf/5.3.0/../../../../../H-x86_64-pc-linux-gnu/nios2-elf/lib/libc.a(lib_a-mprec.o)
                0x000000000100808c                __pow5mult
 .text.__lshift
                0x00000000010081cc      0x148 /usr/local/3rdparty/altera/18.1/nios2eds/bin/gnu/H-x86_64-pc-linux-gnu/bin/../lib/gcc/nios2-elf/5.3.0/../../../../../H-x86_64-pc-linux-gnu/nios2-elf/lib/libc.a(lib_a-mprec.o)
                0x00000000010081cc                __lshift
 .text.__mcmp   0x0000000001008314       0x60 /usr/local/3rdparty/altera/18.1/nios2eds/bin/gnu/H-x86_64-pc-linux-gnu/bin/../lib/gcc/nios2-elf/5.3.0/../../../../../H-x86_64-pc-linux-gnu/nios2-elf/lib/libc.a(lib_a-mprec.o)
                0x0000000001008314                __mcmp
 .text.__mdiff  0x0000000001008374      0x1fc /usr/local/3rdparty/altera/18.1/nios2eds/bin/gnu/H-x86_64-pc-linux-gnu/bin/../lib/gcc/nios2-elf/5.3.0/../../../../../H-x86_64-pc-linux-gnu/nios2-elf/lib/libc.a(lib_a-mprec.o)
                0x0000000001008374                __mdiff
 .text.__ulp    0x0000000001008570       0x64 /usr/local/3rdparty/altera/18.1/nios2eds/bin/gnu/H-x86_64-pc-linux-gnu/bin/../lib/gcc/nios2-elf/5.3.0/../../../../../H-x86_64-pc-linux-gnu/nios2-elf/lib/libc.a(lib_a-mprec.o)
                0x0000000001008570                __ulp
 .text.__b2d    0x00000000010085d4      0x10c /usr/local/3rdparty/altera/18.1/nios2eds/bin/gnu/H-x86_64-pc-linux-gnu/bin/../lib/gcc/nios2-elf/5.3.0/../../../../../H-x86_64-pc-linux-gnu/nios2-elf/lib/libc.a(lib_a-mprec.o)
                0x00000000010085d4                __b2d
 .text.__d2b    0x00000000010086e0      0x14c /usr/local/3rdparty/altera/18.1/nios2eds/bin/gnu/H-x86_64-pc-linux-gnu/bin/../lib/gcc/nios2-elf/5.3.0/../../../../../H-x86_64-pc-linux-gnu/nios2-elf/lib/libc.a(lib_a-mprec.o)
                0x00000000010086e0                __d2b
 .text.__ratio  0x000000000100882c       0xa4 /usr/local/3rdparty/altera/18.1/nios2eds/bin/gnu/H-x86_64-pc-linux-gnu/bin/../lib/gcc/nios2-elf/5.3.0/../../../../../H-x86_64-pc-linux-gnu/nios2-elf/lib/libc.a(lib_a-mprec.o)
                0x000000000100882c                __ratio
 .text._mprec_log10
                0x00000000010088d0       0x74 /usr/local/3rdparty/altera/18.1/nios2eds/bin/gnu/H-x86_64-pc-linux-gnu/bin/../lib/gcc/nios2-elf/5.3.0/../../../../../H-x86_64-pc-linux-gnu/nios2-elf/lib/libc.a(lib_a-mprec.o)
                0x00000000010088d0                _mprec_log10
 .text.__copybits
                0x0000000001008944       0x78 /usr/local/3rdparty/altera/18.1/nios2eds/bin/gnu/H-x86_64-pc-linux-gnu/bin/../lib/gcc/nios2-elf/5.3.0/../../../../../H-x86_64-pc-linux-gnu/nios2-elf/lib/libc.a(lib_a-mprec.o)
                0x0000000001008944                __copybits
 .text.__any_on
                0x00000000010089bc       0x8c /usr/local/3rdparty/altera/18.1/nios2eds/bin/gnu/H-x86_64-pc-linux-gnu/bin/../lib/gcc/nios2-elf/5.3.0/../../../../../H-x86_64-pc-linux-gnu/nios2-elf/lib/libc.a(lib_a-mprec.o)
                0x00000000010089bc                __any_on
 .text          0x0000000001008a48        0x0 /usr/local/3rdparty/altera/18.1/nios2eds/bin/gnu/H-x86_64-pc-linux-gnu/bin/../lib/gcc/nios2-elf/5.3.0/../../../../../H-x86_64-pc-linux-gnu/nios2-elf/lib/libc.a(lib_a-reallocr.o)
 .text._realloc_r
                0x0000000001008a48      0x564 /usr/local/3rdparty/altera/18.1/nios2eds/bin/gnu/H-x86_64-pc-linux-gnu/bin/../lib/gcc/nios2-elf/5.3.0/../../../../../H-x86_64-pc-linux-gnu/nios2-elf/lib/libc.a(lib_a-reallocr.o)
                0x0000000001008a48                _realloc_r
 .text          0x0000000001008fac        0x0 /usr/local/3rdparty/altera/18.1/nios2eds/bin/gnu/H-x86_64-pc-linux-gnu/bin/../lib/gcc/nios2-elf/5.3.0/../../../../../H-x86_64-pc-linux-gnu/nios2-elf/lib/libc.a(lib_a-s_fpclassify.o)
 .text.__fpclassifyd
                0x0000000001008fac       0x74 /usr/local/3rdparty/altera/18.1/nios2eds/bin/gnu/H-x86_64-pc-linux-gnu/bin/../lib/gcc/nios2-elf/5.3.0/../../../../../H-x86_64-pc-linux-gnu/nios2-elf/lib/libc.a(lib_a-s_fpclassify.o)
                0x0000000001008fac                __fpclassifyd
 .text          0x0000000001009020        0x0 /usr/local/3rdparty/altera/18.1/nios2eds/bin/gnu/H-x86_64-pc-linux-gnu/bin/../lib/gcc/nios2-elf/5.3.0/../../../../../H-x86_64-pc-linux-gnu/nios2-elf/lib/libc.a(lib_a-sbrkr.o)
 .text._sbrk_r  0x0000000001009020       0x54 /usr/local/3rdparty/altera/18.1/nios2eds/bin/gnu/H-x86_64-pc-linux-gnu/bin/../lib/gcc/nios2-elf/5.3.0/../../../../../H-x86_64-pc-linux-gnu/nios2-elf/lib/libc.a(lib_a-sbrkr.o)
                0x0000000001009020                _sbrk_r
 .text          0x0000000001009074        0x0 /usr/local/3rdparty/altera/18.1/nios2eds/bin/gnu/H-x86_64-pc-linux-gnu/bin/../lib/gcc/nios2-elf/5.3.0/../../../../../H-x86_64-pc-linux-gnu/nios2-elf/lib/libc.a(lib_a-stdio.o)
 .text.__sread  0x0000000001009074       0x54 /usr/local/3rdparty/altera/18.1/nios2eds/bin/gnu/H-x86_64-pc-linux-gnu/bin/../lib/gcc/nios2-elf/5.3.0/../../../../../H-x86_64-pc-linux-gnu/nios2-elf/lib/libc.a(lib_a-stdio.o)
                0x0000000001009074                __sread
 .text.__seofread
                0x00000000010090c8        0x8 /usr/local/3rdparty/altera/18.1/nios2eds/bin/gnu/H-x86_64-pc-linux-gnu/bin/../lib/gcc/nios2-elf/5.3.0/../../../../../H-x86_64-pc-linux-gnu/nios2-elf/lib/libc.a(lib_a-stdio.o)
                0x00000000010090c8                __seofread
 .text.__swrite
                0x00000000010090d0       0x7c /usr/local/3rdparty/altera/18.1/nios2eds/bin/gnu/H-x86_64-pc-linux-gnu/bin/../lib/gcc/nios2-elf/5.3.0/../../../../../H-x86_64-pc-linux-gnu/nios2-elf/lib/libc.a(lib_a-stdio.o)
                0x00000000010090d0                __swrite
 .text.__sseek  0x000000000100914c       0x5c /usr/local/3rdparty/altera/18.1/nios2eds/bin/gnu/H-x86_64-pc-linux-gnu/bin/../lib/gcc/nios2-elf/5.3.0/../../../../../H-x86_64-pc-linux-gnu/nios2-elf/lib/libc.a(lib_a-stdio.o)
                0x000000000100914c                __sseek
 .text.__sclose
                0x00000000010091a8        0x8 /usr/local/3rdparty/altera/18.1/nios2eds/bin/gnu/H-x86_64-pc-linux-gnu/bin/../lib/gcc/nios2-elf/5.3.0/../../../../../H-x86_64-pc-linux-gnu/nios2-elf/lib/libc.a(lib_a-stdio.o)
                0x00000000010091a8                __sclose
 .text          0x00000000010091b0        0x0 /usr/local/3rdparty/altera/18.1/nios2eds/bin/gnu/H-x86_64-pc-linux-gnu/bin/../lib/gcc/nios2-elf/5.3.0/../../../../../H-x86_64-pc-linux-gnu/nios2-elf/lib/libc.a(lib_a-strcmp.o)
 .text.strcmp   0x00000000010091b0       0xdc /usr/local/3rdparty/altera/18.1/nios2eds/bin/gnu/H-x86_64-pc-linux-gnu/bin/../lib/gcc/nios2-elf/5.3.0/../../../../../H-x86_64-pc-linux-gnu/nios2-elf/lib/libc.a(lib_a-strcmp.o)
                0x00000000010091b0                strcmp
 .text          0x000000000100928c        0x0 /usr/local/3rdparty/altera/18.1/nios2eds/bin/gnu/H-x86_64-pc-linux-gnu/bin/../lib/gcc/nios2-elf/5.3.0/../../../../../H-x86_64-pc-linux-gnu/nios2-elf/lib/libc.a(lib_a-vfiprintf.o)
 .text.__sprint_r.part.0
                0x000000000100928c       0xfc /usr/local/3rdparty/altera/18.1/nios2eds/bin/gnu/H-x86_64-pc-linux-gnu/bin/../lib/gcc/nios2-elf/5.3.0/../../../../../H-x86_64-pc-linux-gnu/nios2-elf/lib/libc.a(lib_a-vfiprintf.o)
 .text.__sprint_r
                0x0000000001009388       0x18 /usr/local/3rdparty/altera/18.1/nios2eds/bin/gnu/H-x86_64-pc-linux-gnu/bin/../lib/gcc/nios2-elf/5.3.0/../../../../../H-x86_64-pc-linux-gnu/nios2-elf/lib/libc.a(lib_a-vfiprintf.o)
                0x0000000001009388                __sprint_r
 .text.___vfiprintf_internal_r
                0x00000000010093a0     0x145c /usr/local/3rdparty/altera/18.1/nios2eds/bin/gnu/H-x86_64-pc-linux-gnu/bin/../lib/gcc/nios2-elf/5.3.0/../../../../../H-x86_64-pc-linux-gnu/nios2-elf/lib/libc.a(lib_a-vfiprintf.o)
                0x00000000010093a0                ___vfiprintf_internal_r
 .text.__vfiprintf_internal
                0x000000000100a7fc       0x1c /usr/local/3rdparty/altera/18.1/nios2eds/bin/gnu/H-x86_64-pc-linux-gnu/bin/../lib/gcc/nios2-elf/5.3.0/../../../../../H-x86_64-pc-linux-gnu/nios2-elf/lib/libc.a(lib_a-vfiprintf.o)
                0x000000000100a7fc                __vfiprintf_internal
 .text.__sbprintf
                0x000000000100a818       0xbc /usr/local/3rdparty/altera/18.1/nios2eds/bin/gnu/H-x86_64-pc-linux-gnu/bin/../lib/gcc/nios2-elf/5.3.0/../../../../../H-x86_64-pc-linux-gnu/nios2-elf/lib/libc.a(lib_a-vfiprintf.o)
 .text          0x000000000100a8d4        0x0 /usr/local/3rdparty/altera/18.1/nios2eds/bin/gnu/H-x86_64-pc-linux-gnu/bin/../lib/gcc/nios2-elf/5.3.0/../../../../../H-x86_64-pc-linux-gnu/nios2-elf/lib/libc.a(lib_a-writer.o)
 .text._write_r
                0x000000000100a8d4       0x60 /usr/local/3rdparty/altera/18.1/nios2eds/bin/gnu/H-x86_64-pc-linux-gnu/bin/../lib/gcc/nios2-elf/5.3.0/../../../../../H-x86_64-pc-linux-gnu/nios2-elf/lib/libc.a(lib_a-writer.o)
                0x000000000100a8d4                _write_r
 .text          0x000000000100a934        0x0 /usr/local/3rdparty/altera/18.1/nios2eds/bin/gnu/H-x86_64-pc-linux-gnu/bin/../lib/gcc/nios2-elf/5.3.0/../../../../../H-x86_64-pc-linux-gnu/nios2-elf/lib/libc.a(closer.o)
 .text._close_r
                0x000000000100a934       0x54 /usr/local/3rdparty/altera/18.1/nios2eds/bin/gnu/H-x86_64-pc-linux-gnu/bin/../lib/gcc/nios2-elf/5.3.0/../../../../../H-x86_64-pc-linux-gnu/nios2-elf/lib/libc.a(closer.o)
                0x000000000100a934                _close_r
 .text          0x000000000100a988        0x0 /usr/local/3rdparty/altera/18.1/nios2eds/bin/gnu/H-x86_64-pc-linux-gnu/bin/../lib/gcc/nios2-elf/5.3.0/../../../../../H-x86_64-pc-linux-gnu/nios2-elf/lib/libc.a(lib_a-callocr.o)
 .text._calloc_r
                0x000000000100a988       0xc4 /usr/local/3rdparty/altera/18.1/nios2eds/bin/gnu/H-x86_64-pc-linux-gnu/bin/../lib/gcc/nios2-elf/5.3.0/../../../../../H-x86_64-pc-linux-gnu/nios2-elf/lib/libc.a(lib_a-callocr.o)
                0x000000000100a988                _calloc_r
 .text          0x000000000100aa4c        0x0 /usr/local/3rdparty/altera/18.1/nios2eds/bin/gnu/H-x86_64-pc-linux-gnu/bin/../lib/gcc/nios2-elf/5.3.0/../../../../../H-x86_64-pc-linux-gnu/nios2-elf/lib/libc.a(lib_a-fclose.o)
 .text._fclose_r
                0x000000000100aa4c       0xf0 /usr/local/3rdparty/altera/18.1/nios2eds/bin/gnu/H-x86_64-pc-linux-gnu/bin/../lib/gcc/nios2-elf/5.3.0/../../../../../H-x86_64-pc-linux-gnu/nios2-elf/lib/libc.a(lib_a-fclose.o)
                0x000000000100aa4c                _fclose_r
 .text.fclose   0x000000000100ab3c       0x14 /usr/local/3rdparty/altera/18.1/nios2eds/bin/gnu/H-x86_64-pc-linux-gnu/bin/../lib/gcc/nios2-elf/5.3.0/../../../../../H-x86_64-pc-linux-gnu/nios2-elf/lib/libc.a(lib_a-fclose.o)
                0x000000000100ab3c                fclose
 .text          0x000000000100ab50        0x0 /usr/local/3rdparty/altera/18.1/nios2eds/bin/gnu/H-x86_64-pc-linux-gnu/bin/../lib/gcc/nios2-elf/5.3.0/../../../../../H-x86_64-pc-linux-gnu/nios2-elf/lib/libc.a(lib_a-fputwc.o)
 .text.__fputwc
                0x000000000100ab50      0x164 /usr/local/3rdparty/altera/18.1/nios2eds/bin/gnu/H-x86_64-pc-linux-gnu/bin/../lib/gcc/nios2-elf/5.3.0/../../../../../H-x86_64-pc-linux-gnu/nios2-elf/lib/libc.a(lib_a-fputwc.o)
                0x000000000100ab50                __fputwc
 .text._fputwc_r
                0x000000000100acb4       0x24 /usr/local/3rdparty/altera/18.1/nios2eds/bin/gnu/H-x86_64-pc-linux-gnu/bin/../lib/gcc/nios2-elf/5.3.0/../../../../../H-x86_64-pc-linux-gnu/nios2-elf/lib/libc.a(lib_a-fputwc.o)
                0x000000000100acb4                _fputwc_r
 .text.fputwc   0x000000000100acd8       0x80 /usr/local/3rdparty/altera/18.1/nios2eds/bin/gnu/H-x86_64-pc-linux-gnu/bin/../lib/gcc/nios2-elf/5.3.0/../../../../../H-x86_64-pc-linux-gnu/nios2-elf/lib/libc.a(lib_a-fputwc.o)
                0x000000000100acd8                fputwc
 .text          0x000000000100ad58        0x0 /usr/local/3rdparty/altera/18.1/nios2eds/bin/gnu/H-x86_64-pc-linux-gnu/bin/../lib/gcc/nios2-elf/5.3.0/../../../../../H-x86_64-pc-linux-gnu/nios2-elf/lib/libc.a(lib_a-fstatr.o)
 .text._fstat_r
                0x000000000100ad58       0x5c /usr/local/3rdparty/altera/18.1/nios2eds/bin/gnu/H-x86_64-pc-linux-gnu/bin/../lib/gcc/nios2-elf/5.3.0/../../../../../H-x86_64-pc-linux-gnu/nios2-elf/lib/libc.a(lib_a-fstatr.o)
                0x000000000100ad58                _fstat_r
 .text          0x000000000100adb4        0x0 /usr/local/3rdparty/altera/18.1/nios2eds/bin/gnu/H-x86_64-pc-linux-gnu/bin/../lib/gcc/nios2-elf/5.3.0/../../../../../H-x86_64-pc-linux-gnu/nios2-elf/lib/libc.a(lib_a-isattyr.o)
 .text._isatty_r
                0x000000000100adb4       0x54 /usr/local/3rdparty/altera/18.1/nios2eds/bin/gnu/H-x86_64-pc-linux-gnu/bin/../lib/gcc/nios2-elf/5.3.0/../../../../../H-x86_64-pc-linux-gnu/nios2-elf/lib/libc.a(lib_a-isattyr.o)
                0x000000000100adb4                _isatty_r
 .text          0x000000000100ae08        0x0 /usr/local/3rdparty/altera/18.1/nios2eds/bin/gnu/H-x86_64-pc-linux-gnu/bin/../lib/gcc/nios2-elf/5.3.0/../../../../../H-x86_64-pc-linux-gnu/nios2-elf/lib/libc.a(lib_a-lseekr.o)
 .text._lseek_r
                0x000000000100ae08       0x60 /usr/local/3rdparty/altera/18.1/nios2eds/bin/gnu/H-x86_64-pc-linux-gnu/bin/../lib/gcc/nios2-elf/5.3.0/../../../../../H-x86_64-pc-linux-gnu/nios2-elf/lib/libc.a(lib_a-lseekr.o)
                0x000000000100ae08                _lseek_r
 .text          0x000000000100ae68        0x0 /usr/local/3rdparty/altera/18.1/nios2eds/bin/gnu/H-x86_64-pc-linux-gnu/bin/../lib/gcc/nios2-elf/5.3.0/../../../../../H-x86_64-pc-linux-gnu/nios2-elf/lib/libc.a(lib_a-readr.o)
 .text._read_r  0x000000000100ae68       0x60 /usr/local/3rdparty/altera/18.1/nios2eds/bin/gnu/H-x86_64-pc-linux-gnu/bin/../lib/gcc/nios2-elf/5.3.0/../../../../../H-x86_64-pc-linux-gnu/nios2-elf/lib/libc.a(lib_a-readr.o)
                0x000000000100ae68                _read_r
 .text          0x000000000100aec8        0x0 /usr/local/3rdparty/altera/18.1/nios2eds/bin/gnu/H-x86_64-pc-linux-gnu/bin/../lib/gcc/nios2-elf/5.3.0/../../../../../H-x86_64-pc-linux-gnu/nios2-elf/lib/libc.a(lib_a-wbuf.o)
 .text.__swbuf_r
                0x000000000100aec8      0x140 /usr/local/3rdparty/altera/18.1/nios2eds/bin/gnu/H-x86_64-pc-linux-gnu/bin/../lib/gcc/nios2-elf/5.3.0/../../../../../H-x86_64-pc-linux-gnu/nios2-elf/lib/libc.a(lib_a-wbuf.o)
                0x000000000100aec8                __swbuf_r
 .text.__swbuf  0x000000000100b008       0x18 /usr/local/3rdparty/altera/18.1/nios2eds/bin/gnu/H-x86_64-pc-linux-gnu/bin/../lib/gcc/nios2-elf/5.3.0/../../../../../H-x86_64-pc-linux-gnu/nios2-elf/lib/libc.a(lib_a-wbuf.o)
                0x000000000100b008                __swbuf
 .text          0x000000000100b020        0x0 /usr/local/3rdparty/altera/18.1/nios2eds/bin/gnu/H-x86_64-pc-linux-gnu/bin/../lib/gcc/nios2-elf/5.3.0/../../../../../H-x86_64-pc-linux-gnu/nios2-elf/lib/libc.a(lib_a-wcrtomb.o)
 .text._wcrtomb_r
                0x000000000100b020       0x9c /usr/local/3rdparty/altera/18.1/nios2eds/bin/gnu/H-x86_64-pc-linux-gnu/bin/../lib/gcc/nios2-elf/5.3.0/../../../../../H-x86_64-pc-linux-gnu/nios2-elf/lib/libc.a(lib_a-wcrtomb.o)
                0x000000000100b020                _wcrtomb_r
 .text.wcrtomb  0x000000000100b0bc       0xc0 /usr/local/3rdparty/altera/18.1/nios2eds/bin/gnu/H-x86_64-pc-linux-gnu/bin/../lib/gcc/nios2-elf/5.3.0/../../../../../H-x86_64-pc-linux-gnu/nios2-elf/lib/libc.a(lib_a-wcrtomb.o)
                0x000000000100b0bc                wcrtomb
 .text          0x000000000100b17c        0x0 /usr/local/3rdparty/altera/18.1/nios2eds/bin/gnu/H-x86_64-pc-linux-gnu/bin/../lib/gcc/nios2-elf/5.3.0/../../../../../H-x86_64-pc-linux-gnu/nios2-elf/lib/libc.a(lib_a-wctomb_r.o)
 .text.__ascii_wctomb
                0x000000000100b17c       0x30 /usr/local/3rdparty/altera/18.1/nios2eds/bin/gnu/H-x86_64-pc-linux-gnu/bin/../lib/gcc/nios2-elf/5.3.0/../../../../../H-x86_64-pc-linux-gnu/nios2-elf/lib/libc.a(lib_a-wctomb_r.o)
                0x000000000100b17c                __ascii_wctomb
 .text._wctomb_r
                0x000000000100b1ac       0x5c /usr/local/3rdparty/altera/18.1/nios2eds/bin/gnu/H-x86_64-pc-linux-gnu/bin/../lib/gcc/nios2-elf/5.3.0/../../../../../H-x86_64-pc-linux-gnu/nios2-elf/lib/libc.a(lib_a-wctomb_r.o)
                0x000000000100b1ac                _wctomb_r
 .text          0x000000000100b208       0x60 /usr/local/3rdparty/altera/18.1/nios2eds/bin/gnu/H-x86_64-pc-linux-gnu/bin/../lib/gcc/nios2-elf/5.3.0/libgcc.a(_muldi3.o)
                0x000000000100b208                __muldi3
 .text          0x000000000100b268      0x578 /usr/local/3rdparty/altera/18.1/nios2eds/bin/gnu/H-x86_64-pc-linux-gnu/bin/../lib/gcc/nios2-elf/5.3.0/libgcc.a(_udivdi3.o)
                0x000000000100b268                __udivdi3
 .text          0x000000000100b7e0      0x538 /usr/local/3rdparty/altera/18.1/nios2eds/bin/gnu/H-x86_64-pc-linux-gnu/bin/../lib/gcc/nios2-elf/5.3.0/libgcc.a(_umoddi3.o)
                0x000000000100b7e0                __umoddi3
 .text          0x000000000100bd18      0x1b4 /usr/local/3rdparty/altera/18.1/nios2eds/bin/gnu/H-x86_64-pc-linux-gnu/bin/../lib/gcc/nios2-elf/5.3.0/libgcc.a(lib2-divmod.o)
                0x000000000100bd18                __divsi3
                0x000000000100bd9c                __modsi3
                0x000000000100be10                __udivsi3
                0x000000000100be74                __umodsi3
 .text          0x000000000100becc      0x8ac /usr/local/3rdparty/altera/18.1/nios2eds/bin/gnu/H-x86_64-pc-linux-gnu/bin/../lib/gcc/nios2-elf/5.3.0/libgcc.a(adddf3.o)
                0x000000000100becc                __adddf3
 .text          0x000000000100c778      0x8e8 /usr/local/3rdparty/altera/18.1/nios2eds/bin/gnu/H-x86_64-pc-linux-gnu/bin/../lib/gcc/nios2-elf/5.3.0/libgcc.a(divdf3.o)
                0x000000000100c778                __divdf3
 .text          0x000000000100d060       0x88 /usr/local/3rdparty/altera/18.1/nios2eds/bin/gnu/H-x86_64-pc-linux-gnu/bin/../lib/gcc/nios2-elf/5.3.0/libgcc.a(eqdf2.o)
                0x000000000100d060                __eqdf2
                0x000000000100d060                __nedf2
 .text          0x000000000100d0e8       0xdc /usr/local/3rdparty/altera/18.1/nios2eds/bin/gnu/H-x86_64-pc-linux-gnu/bin/../lib/gcc/nios2-elf/5.3.0/libgcc.a(gedf2.o)
                0x000000000100d0e8                __gtdf2
                0x000000000100d0e8                __gedf2
 .text          0x000000000100d1c4       0xf4 /usr/local/3rdparty/altera/18.1/nios2eds/bin/gnu/H-x86_64-pc-linux-gnu/bin/../lib/gcc/nios2-elf/5.3.0/libgcc.a(ledf2.o)
                0x000000000100d1c4                __ltdf2
                0x000000000100d1c4                __ledf2
 .text          0x000000000100d2b8      0x718 /usr/local/3rdparty/altera/18.1/nios2eds/bin/gnu/H-x86_64-pc-linux-gnu/bin/../lib/gcc/nios2-elf/5.3.0/libgcc.a(muldf3.o)
                0x000000000100d2b8                __muldf3
 .text          0x000000000100d9d0      0x8fc /usr/local/3rdparty/altera/18.1/nios2eds/bin/gnu/H-x86_64-pc-linux-gnu/bin/../lib/gcc/nios2-elf/5.3.0/libgcc.a(subdf3.o)
                0x000000000100d9d0                __subdf3
 .text          0x000000000100e2cc       0x80 /usr/local/3rdparty/altera/18.1/nios2eds/bin/gnu/H-x86_64-pc-linux-gnu/bin/../lib/gcc/nios2-elf/5.3.0/libgcc.a(fixdfsi.o)
                0x000000000100e2cc                __fixdfsi
 .text          0x000000000100e34c       0xdc /usr/local/3rdparty/altera/18.1/nios2eds/bin/gnu/H-x86_64-pc-linux-gnu/bin/../lib/gcc/nios2-elf/5.3.0/libgcc.a(floatsidf.o)
                0x000000000100e34c                __floatsidf
 .text          0x000000000100e428       0xa8 /usr/local/3rdparty/altera/18.1/nios2eds/bin/gnu/H-x86_64-pc-linux-gnu/bin/../lib/gcc/nios2-elf/5.3.0/libgcc.a(floatunsidf.o)
                0x000000000100e428                __floatunsidf
 .text          0x000000000100e4d0      0x10c ../lights_bsp//libhal_bsp.a(alt_close.o)
                0x000000000100e50c                close
 .text          0x000000000100e5dc       0x2c ../lights_bsp//libhal_bsp.a(alt_dev.o)
 .text          0x000000000100e608        0x0 ../lights_bsp//libhal_bsp.a(alt_errno.o)
 .text          0x000000000100e608       0xec ../lights_bsp//libhal_bsp.a(alt_fstat.o)
                0x000000000100e644                fstat
 .text          0x000000000100e6f4      0x1f4 ../lights_bsp//libhal_bsp.a(alt_gettod.o)
                0x000000000100e6f4                gettimeofday
 .text          0x000000000100e8e8       0xe0 ../lights_bsp//libhal_bsp.a(alt_isatty.o)
                0x000000000100e924                isatty
 .text          0x000000000100e9c8       0xec ../lights_bsp//libhal_bsp.a(alt_load.o)
                0x000000000100ea30                alt_load
 .text          0x000000000100eab4      0x110 ../lights_bsp//libhal_bsp.a(alt_lseek.o)
                0x000000000100eaf0                lseek
 .text          0x000000000100ebc4       0x7c ../lights_bsp//libhal_bsp.a(alt_main.o)
                0x000000000100ebc4                alt_main
 .text          0x000000000100ec40       0x48 ../lights_bsp//libhal_bsp.a(alt_malloc_lock.o)
                0x000000000100ec40                __malloc_lock
                0x000000000100ec64                __malloc_unlock
 .text          0x000000000100ec88      0x138 ../lights_bsp//libhal_bsp.a(alt_read.o)
                0x000000000100ecc4                read
 .text          0x000000000100edc0       0x64 ../lights_bsp//libhal_bsp.a(alt_release_fd.o)
                0x000000000100edc0                alt_release_fd
 .text          0x000000000100ee24       0xb0 ../lights_bsp//libhal_bsp.a(alt_sbrk.o)
                0x000000000100ee24                sbrk
 .text          0x000000000100eed4      0x1a4 ../lights_bsp//libhal_bsp.a(alt_tick.o)
                0x000000000100eed4                alt_alarm_stop
                0x000000000100ef70                alt_tick
 .text          0x000000000100f078       0x30 ../lights_bsp//libhal_bsp.a(alt_usleep.o)
                0x000000000100f078                usleep
 .text          0x000000000100f0a8      0x134 ../lights_bsp//libhal_bsp.a(alt_write.o)
                0x000000000100f0e4                write
 .text          0x000000000100f1dc       0xc4 ../lights_bsp//libhal_bsp.a(alt_sys_init.o)
                0x000000000100f210                alt_irq_init
                0x000000000100f248                alt_sys_init
 .text          0x000000000100f2a0      0x164 ../lights_bsp//libhal_bsp.a(altera_avalon_jtag_uart_fd.o)
                0x000000000100f2a0                altera_avalon_jtag_uart_read_fd
                0x000000000100f300                altera_avalon_jtag_uart_write_fd
                0x000000000100f360                altera_avalon_jtag_uart_close_fd
                0x000000000100f3b0                altera_avalon_jtag_uart_ioctl_fd
 .text          0x000000000100f404      0x3d4 ../lights_bsp//libhal_bsp.a(altera_avalon_jtag_uart_init.o)
                0x000000000100f404                altera_avalon_jtag_uart_init
                0x000000000100f770                altera_avalon_jtag_uart_close
 .text          0x000000000100f7d8       0xf0 ../lights_bsp//libhal_bsp.a(altera_avalon_jtag_uart_ioctl.o)
                0x000000000100f7d8                altera_avalon_jtag_uart_ioctl
 .text          0x000000000100f8c8      0x21c ../lights_bsp//libhal_bsp.a(altera_avalon_jtag_uart_read.o)
                0x000000000100f8c8                altera_avalon_jtag_uart_read
 .text          0x000000000100fae4      0x224 ../lights_bsp//libhal_bsp.a(altera_avalon_jtag_uart_write.o)
                0x000000000100fae4                altera_avalon_jtag_uart_write
 .text          0x000000000100fd08      0x12c ../lights_bsp//libhal_bsp.a(alt_alarm_start.o)
                0x000000000100fd08                alt_alarm_start
 .text          0x000000000100fe34      0x158 ../lights_bsp//libhal_bsp.a(alt_busy_sleep.o)
                0x000000000100fe34                alt_busy_sleep
 .text          0x000000000100ff8c       0x48 ../lights_bsp//libhal_bsp.a(alt_dcache_flush_all.o)
                0x000000000100ff8c                alt_dcache_flush_all
 .text          0x000000000100ffd4       0xe0 ../lights_bsp//libhal_bsp.a(alt_dev_llist_insert.o)
                0x0000000001010010                alt_dev_llist_insert
 .text          0x00000000010100b4       0x60 ../lights_bsp//libhal_bsp.a(alt_do_ctors.o)
                0x00000000010100b4                _do_ctors
 .text          0x0000000001010114       0x60 ../lights_bsp//libhal_bsp.a(alt_do_dtors.o)
                0x0000000001010114                _do_dtors
 .text          0x0000000001010174       0x34 ../lights_bsp//libhal_bsp.a(alt_icache_flush_all.o)
                0x0000000001010174                alt_icache_flush_all
 .text          0x00000000010101a8      0x1b0 ../lights_bsp//libhal_bsp.a(alt_iic.o)
                0x00000000010101a8                alt_ic_isr_register
                0x00000000010101f8                alt_ic_irq_enable
                0x0000000001010280                alt_ic_irq_disable
                0x000000000101030c                alt_ic_irq_enabled
 .text          0x0000000001010358       0xf0 ../lights_bsp//libhal_bsp.a(alt_iic_isr_register.o)
                0x0000000001010358                alt_iic_isr_register
 .text          0x0000000001010448      0x140 ../lights_bsp//libhal_bsp.a(alt_io_redirect.o)
                0x000000000101050c                alt_io_redirect
 .text          0x0000000001010588        0x0 ../lights_bsp//libhal_bsp.a(alt_irq_entry.o)
 .text          0x0000000001010588        0x0 ../lights_bsp//libhal_bsp.a(alt_irq_handler.o)
 .text          0x0000000001010588        0x0 ../lights_bsp//libhal_bsp.a(alt_irq_vars.o)
 .text          0x0000000001010588      0x254 ../lights_bsp//libhal_bsp.a(alt_open.o)
                0x0000000001010688                open
 .text          0x00000000010107dc       0x24 ../lights_bsp//libhal_bsp.a(altera_nios2_gen2_irq.o)
                0x00000000010107dc                altera_nios2_gen2_irq_init
 .text          0x0000000001010800        0x0 ../lights_bsp//libhal_bsp.a(alt_exception_entry.o)
 .text          0x0000000001010800       0x90 ../lights_bsp//libhal_bsp.a(alt_find_dev.o)
                0x0000000001010800                alt_find_dev
 .text          0x0000000001010890      0x108 ../lights_bsp//libhal_bsp.a(alt_find_file.o)
                0x0000000001010890                alt_find_file
 .text          0x0000000001010998       0xa4 ../lights_bsp//libhal_bsp.a(alt_get_fd.o)
                0x0000000001010998                alt_get_fd
 .text          0x0000000001010a3c       0x90 ../lights_bsp//libhal_bsp.a(alt_icache_flush.o)
                0x0000000001010a3c                alt_icache_flush
 .text          0x0000000001010acc       0x9c ../lights_bsp//libhal_bsp.a(alt_instruction_exception_entry.o)
                0x0000000001010acc                alt_exception_cause_generated_bad_addr
 .text          0x0000000001010b68        0x0 /usr/local/3rdparty/altera/18.1/nios2eds/bin/gnu/H-x86_64-pc-linux-gnu/bin/../lib/gcc/nios2-elf/5.3.0/../../../../../H-x86_64-pc-linux-gnu/nios2-elf/lib/libc.a(lib_a-atexit.o)
 .text.atexit   0x0000000001010b68       0x14 /usr/local/3rdparty/altera/18.1/nios2eds/bin/gnu/H-x86_64-pc-linux-gnu/bin/../lib/gcc/nios2-elf/5.3.0/../../../../../H-x86_64-pc-linux-gnu/nios2-elf/lib/libc.a(lib_a-atexit.o)
                0x0000000001010b68                atexit
 .text          0x0000000001010b7c        0x0 /usr/local/3rdparty/altera/18.1/nios2eds/bin/gnu/H-x86_64-pc-linux-gnu/bin/../lib/gcc/nios2-elf/5.3.0/../../../../../H-x86_64-pc-linux-gnu/nios2-elf/lib/libc.a(lib_a-exit.o)
 .text.exit     0x0000000001010b7c       0x38 /usr/local/3rdparty/altera/18.1/nios2eds/bin/gnu/H-x86_64-pc-linux-gnu/bin/../lib/gcc/nios2-elf/5.3.0/../../../../../H-x86_64-pc-linux-gnu/nios2-elf/lib/libc.a(lib_a-exit.o)
                0x0000000001010b7c                exit
 .text          0x0000000001010bb4        0x0 /usr/local/3rdparty/altera/18.1/nios2eds/bin/gnu/H-x86_64-pc-linux-gnu/bin/../lib/gcc/nios2-elf/5.3.0/../../../../../H-x86_64-pc-linux-gnu/nios2-elf/lib/libc.a(lib_a-memcmp.o)
 .text.memcmp   0x0000000001010bb4       0x7c /usr/local/3rdparty/altera/18.1/nios2eds/bin/gnu/H-x86_64-pc-linux-gnu/bin/../lib/gcc/nios2-elf/5.3.0/../../../../../H-x86_64-pc-linux-gnu/nios2-elf/lib/libc.a(lib_a-memcmp.o)
                0x0000000001010bb4                memcmp
 .text          0x0000000001010c30        0x0 /usr/local/3rdparty/altera/18.1/nios2eds/bin/gnu/H-x86_64-pc-linux-gnu/bin/../lib/gcc/nios2-elf/5.3.0/../../../../../H-x86_64-pc-linux-gnu/nios2-elf/lib/libc.a(lib_a-__atexit.o)
 .text.__register_exitproc
                0x0000000001010c30      0x118 /usr/local/3rdparty/altera/18.1/nios2eds/bin/gnu/H-x86_64-pc-linux-gnu/bin/../lib/gcc/nios2-elf/5.3.0/../../../../../H-x86_64-pc-linux-gnu/nios2-elf/lib/libc.a(lib_a-__atexit.o)
                0x0000000001010c30                __register_exitproc
 .text          0x0000000001010d48        0x0 /usr/local/3rdparty/altera/18.1/nios2eds/bin/gnu/H-x86_64-pc-linux-gnu/bin/../lib/gcc/nios2-elf/5.3.0/../../../../../H-x86_64-pc-linux-gnu/nios2-elf/lib/libc.a(lib_a-__call_atexit.o)
 .text.__call_exitprocs
                0x0000000001010d48      0x180 /usr/local/3rdparty/altera/18.1/nios2eds/bin/gnu/H-x86_64-pc-linux-gnu/bin/../lib/gcc/nios2-elf/5.3.0/../../../../../H-x86_64-pc-linux-gnu/nios2-elf/lib/libc.a(lib_a-__call_atexit.o)
                0x0000000001010d48                __call_exitprocs
 .text          0x0000000001010ec8       0x34 ../lights_bsp//libhal_bsp.a(alt_exit.o)
                0x0000000001010ec8                _exit
 *(.gnu.warning.*)
 *(.fini)
                [!provide]                        PROVIDE (__etext, ABSOLUTE (.))
                [!provide]                        PROVIDE (_etext, ABSOLUTE (.))
                [!provide]                        PROVIDE (etext, ABSOLUTE (.))
 *(.eh_frame_hdr)
                0x0000000001010efc                . = ALIGN (0x4)
                [!provide]                        PROVIDE (__preinit_array_start, ABSOLUTE (.))
 *(.preinit_array)
                [!provide]                        PROVIDE (__preinit_array_end, ABSOLUTE (.))
                [!provide]                        PROVIDE (__init_array_start, ABSOLUTE (.))
 *(.init_array)
                [!provide]                        PROVIDE (__init_array_end, ABSOLUTE (.))
                [!provide]                        PROVIDE (__fini_array_start, ABSOLUTE (.))
 *(.fini_array)
                [!provide]                        PROVIDE (__fini_array_end, ABSOLUTE (.))
 *(.eh_frame)
 *(.gcc_except_table .gcc_except_table.*)
 *(.dynamic)
                0x0000000001010efc                PROVIDE (__CTOR_LIST__, ABSOLUTE (.))
 *(.ctors)
 *(SORT(.ctors.*))
                0x0000000001010efc                PROVIDE (__CTOR_END__, ABSOLUTE (.))
                0x0000000001010efc                PROVIDE (__DTOR_LIST__, ABSOLUTE (.))
 *(.dtors)
 *(SORT(.dtors.*))
                0x0000000001010efc                PROVIDE (__DTOR_END__, ABSOLUTE (.))
 *(.jcr)
                0x0000000001010efc                . = ALIGN (0x4)

.rodata         0x0000000001010efc      0x328
                0x0000000001010efc                PROVIDE (__ram_rodata_start, ABSOLUTE (.))
                0x0000000001010efc                . = ALIGN (0x4)
 *(.rodata .rodata.* .gnu.linkonce.r.*)
 .rodata        0x0000000001010efc       0x28 obj/default/hello_world.o
 .rodata        0x0000000001010f24      0x100 /usr/local/3rdparty/altera/18.1/nios2eds/bin/gnu/H-x86_64-pc-linux-gnu/bin/../lib/gcc/nios2-elf/5.3.0/libgcc.a(_clz.o)
                0x0000000001010f24                __clz_tab
 .rodata.str1.4
                0x0000000001011024        0x2 /usr/local/3rdparty/altera/18.1/nios2eds/bin/gnu/H-x86_64-pc-linux-gnu/bin/../lib/gcc/nios2-elf/5.3.0/../../../../../H-x86_64-pc-linux-gnu/nios2-elf/lib/libc.a(lib_a-puts.o)
 *fill*         0x0000000001011026        0x2 
 .rodata.str1.4
                0x0000000001011028       0x42 /usr/local/3rdparty/altera/18.1/nios2eds/bin/gnu/H-x86_64-pc-linux-gnu/bin/../lib/gcc/nios2-elf/5.3.0/../../../../../H-x86_64-pc-linux-gnu/nios2-elf/lib/libc.a(lib_a-vfprintf.o)
 .rodata.zeroes.4404
                0x000000000101106a       0x10 /usr/local/3rdparty/altera/18.1/nios2eds/bin/gnu/H-x86_64-pc-linux-gnu/bin/../lib/gcc/nios2-elf/5.3.0/../../../../../H-x86_64-pc-linux-gnu/nios2-elf/lib/libc.a(lib_a-vfprintf.o)
 .rodata.blanks.4403
                0x000000000101107a       0x10 /usr/local/3rdparty/altera/18.1/nios2eds/bin/gnu/H-x86_64-pc-linux-gnu/bin/../lib/gcc/nios2-elf/5.3.0/../../../../../H-x86_64-pc-linux-gnu/nios2-elf/lib/libc.a(lib_a-vfprintf.o)
 *fill*         0x000000000101108a        0x2 
 .rodata.str1.4
                0x000000000101108c       0x10 /usr/local/3rdparty/altera/18.1/nios2eds/bin/gnu/H-x86_64-pc-linux-gnu/bin/../lib/gcc/nios2-elf/5.3.0/../../../../../H-x86_64-pc-linux-gnu/nios2-elf/lib/libc.a(lib_a-dtoa.o)
                                         0x12 (size before relaxing)
 .rodata.str1.4
                0x000000000101109c        0x2 /usr/local/3rdparty/altera/18.1/nios2eds/bin/gnu/H-x86_64-pc-linux-gnu/bin/../lib/gcc/nios2-elf/5.3.0/../../../../../H-x86_64-pc-linux-gnu/nios2-elf/lib/libc.a(lib_a-impure.o)
 *fill*         0x000000000101109e        0x2 
 .rodata.str1.4
                0x00000000010110a0        0xc /usr/local/3rdparty/altera/18.1/nios2eds/bin/gnu/H-x86_64-pc-linux-gnu/bin/../lib/gcc/nios2-elf/5.3.0/../../../../../H-x86_64-pc-linux-gnu/nios2-elf/lib/libc.a(lib_a-locale.o)
                                         0x12 (size before relaxing)
 .rodata.p05.2768
                0x00000000010110ac        0xc /usr/local/3rdparty/altera/18.1/nios2eds/bin/gnu/H-x86_64-pc-linux-gnu/bin/../lib/gcc/nios2-elf/5.3.0/../../../../../H-x86_64-pc-linux-gnu/nios2-elf/lib/libc.a(lib_a-mprec.o)
 .rodata.__mprec_tinytens
                0x00000000010110b8       0x28 /usr/local/3rdparty/altera/18.1/nios2eds/bin/gnu/H-x86_64-pc-linux-gnu/bin/../lib/gcc/nios2-elf/5.3.0/../../../../../H-x86_64-pc-linux-gnu/nios2-elf/lib/libc.a(lib_a-mprec.o)
                0x00000000010110b8                __mprec_tinytens
 .rodata.__mprec_bigtens
                0x00000000010110e0       0x28 /usr/local/3rdparty/altera/18.1/nios2eds/bin/gnu/H-x86_64-pc-linux-gnu/bin/../lib/gcc/nios2-elf/5.3.0/../../../../../H-x86_64-pc-linux-gnu/nios2-elf/lib/libc.a(lib_a-mprec.o)
                0x00000000010110e0                __mprec_bigtens
 .rodata.__mprec_tens
                0x0000000001011108       0xc8 /usr/local/3rdparty/altera/18.1/nios2eds/bin/gnu/H-x86_64-pc-linux-gnu/bin/../lib/gcc/nios2-elf/5.3.0/../../../../../H-x86_64-pc-linux-gnu/nios2-elf/lib/libc.a(lib_a-mprec.o)
                0x0000000001011108                __mprec_tens
 .rodata.str1.4
                0x00000000010111d0       0x2f /usr/local/3rdparty/altera/18.1/nios2eds/bin/gnu/H-x86_64-pc-linux-gnu/bin/../lib/gcc/nios2-elf/5.3.0/../../../../../H-x86_64-pc-linux-gnu/nios2-elf/lib/libc.a(lib_a-vfiprintf.o)
 .rodata.zeroes.4349
                0x00000000010111d0       0x10 /usr/local/3rdparty/altera/18.1/nios2eds/bin/gnu/H-x86_64-pc-linux-gnu/bin/../lib/gcc/nios2-elf/5.3.0/../../../../../H-x86_64-pc-linux-gnu/nios2-elf/lib/libc.a(lib_a-vfiprintf.o)
 .rodata.blanks.4348
                0x00000000010111e0       0x10 /usr/local/3rdparty/altera/18.1/nios2eds/bin/gnu/H-x86_64-pc-linux-gnu/bin/../lib/gcc/nios2-elf/5.3.0/../../../../../H-x86_64-pc-linux-gnu/nios2-elf/lib/libc.a(lib_a-vfiprintf.o)
 .rodata        0x00000000010111f0        0xa ../lights_bsp//libhal_bsp.a(alt_dev.o)
 *fill*         0x00000000010111fa        0x2 
 .rodata        0x00000000010111fc       0x11 ../lights_bsp//libhal_bsp.a(alt_main.o)
 *fill*         0x000000000101120d        0x3 
 .rodata        0x0000000001011210       0x11 ../lights_bsp//libhal_bsp.a(alt_sys_init.o)
 *(.rodata1)
                0x0000000001011224                . = ALIGN (0x4)
 *fill*         0x0000000001011221        0x3 
                0x0000000001011224                PROVIDE (__ram_rodata_end, ABSOLUTE (.))
                0x0000000001010efc                PROVIDE (__flash_rodata_start, LOADADDR (.rodata))

.rwdata         0x0000000001011224     0x1af4 load address 0x0000000001012d18
                0x0000000001011224                PROVIDE (__ram_rwdata_start, ABSOLUTE (.))
                0x0000000001011224                . = ALIGN (0x4)
 *(.got.plt)
 *(.got)
 *(.data1)
 *(.data .data.* .gnu.linkonce.d.*)
 .data          0x0000000001011224        0x0 ../lights_bsp//obj/HAL/src/crt0.o
 .data          0x0000000001011224        0x0 obj/default/hello_world.o
 .data          0x0000000001011224        0x0 /usr/local/3rdparty/altera/18.1/nios2eds/bin/gnu/H-x86_64-pc-linux-gnu/bin/../lib/gcc/nios2-elf/5.3.0/libgcc.a(addsf3.o)
 .data          0x0000000001011224        0x0 /usr/local/3rdparty/altera/18.1/nios2eds/bin/gnu/H-x86_64-pc-linux-gnu/bin/../lib/gcc/nios2-elf/5.3.0/libgcc.a(divsf3.o)
 .data          0x0000000001011224        0x0 /usr/local/3rdparty/altera/18.1/nios2eds/bin/gnu/H-x86_64-pc-linux-gnu/bin/../lib/gcc/nios2-elf/5.3.0/libgcc.a(gesf2.o)
 .data          0x0000000001011224        0x0 /usr/local/3rdparty/altera/18.1/nios2eds/bin/gnu/H-x86_64-pc-linux-gnu/bin/../lib/gcc/nios2-elf/5.3.0/libgcc.a(mulsf3.o)
 .data          0x0000000001011224        0x0 /usr/local/3rdparty/altera/18.1/nios2eds/bin/gnu/H-x86_64-pc-linux-gnu/bin/../lib/gcc/nios2-elf/5.3.0/libgcc.a(subsf3.o)
 .data          0x0000000001011224        0x0 /usr/local/3rdparty/altera/18.1/nios2eds/bin/gnu/H-x86_64-pc-linux-gnu/bin/../lib/gcc/nios2-elf/5.3.0/libgcc.a(fixsfsi.o)
 .data          0x0000000001011224        0x0 /usr/local/3rdparty/altera/18.1/nios2eds/bin/gnu/H-x86_64-pc-linux-gnu/bin/../lib/gcc/nios2-elf/5.3.0/libgcc.a(floatsisf.o)
 .data          0x0000000001011224        0x0 /usr/local/3rdparty/altera/18.1/nios2eds/bin/gnu/H-x86_64-pc-linux-gnu/bin/../lib/gcc/nios2-elf/5.3.0/libgcc.a(extendsfdf2.o)
 .data          0x0000000001011224        0x0 /usr/local/3rdparty/altera/18.1/nios2eds/bin/gnu/H-x86_64-pc-linux-gnu/bin/../lib/gcc/nios2-elf/5.3.0/libgcc.a(_clzsi2.o)
 .data          0x0000000001011224        0x0 /usr/local/3rdparty/altera/18.1/nios2eds/bin/gnu/H-x86_64-pc-linux-gnu/bin/../lib/gcc/nios2-elf/5.3.0/libgcc.a(_clz.o)
 .data          0x0000000001011224        0x0 /usr/local/3rdparty/altera/18.1/nios2eds/bin/gnu/H-x86_64-pc-linux-gnu/bin/../lib/gcc/nios2-elf/5.3.0/../../../../../H-x86_64-pc-linux-gnu/nios2-elf/lib/libc.a(lib_a-printf.o)
 .data          0x0000000001011224        0x0 /usr/local/3rdparty/altera/18.1/nios2eds/bin/gnu/H-x86_64-pc-linux-gnu/bin/../lib/gcc/nios2-elf/5.3.0/../../../../../H-x86_64-pc-linux-gnu/nios2-elf/lib/libc.a(lib_a-puts.o)
 .data          0x0000000001011224        0x0 /usr/local/3rdparty/altera/18.1/nios2eds/bin/gnu/H-x86_64-pc-linux-gnu/bin/../lib/gcc/nios2-elf/5.3.0/../../../../../H-x86_64-pc-linux-gnu/nios2-elf/lib/libc.a(lib_a-rand.o)
 .data          0x0000000001011224        0x0 /usr/local/3rdparty/altera/18.1/nios2eds/bin/gnu/H-x86_64-pc-linux-gnu/bin/../lib/gcc/nios2-elf/5.3.0/../../../../../H-x86_64-pc-linux-gnu/nios2-elf/lib/libc.a(lib_a-strlen.o)
 .data          0x0000000001011224        0x0 /usr/local/3rdparty/altera/18.1/nios2eds/bin/gnu/H-x86_64-pc-linux-gnu/bin/../lib/gcc/nios2-elf/5.3.0/../../../../../H-x86_64-pc-linux-gnu/nios2-elf/lib/libc.a(lib_a-time.o)
 .data          0x0000000001011224        0x0 /usr/local/3rdparty/altera/18.1/nios2eds/bin/gnu/H-x86_64-pc-linux-gnu/bin/../lib/gcc/nios2-elf/5.3.0/../../../../../H-x86_64-pc-linux-gnu/nios2-elf/lib/libc.a(lib_a-vfprintf.o)
 .data          0x0000000001011224        0x0 /usr/local/3rdparty/altera/18.1/nios2eds/bin/gnu/H-x86_64-pc-linux-gnu/bin/../lib/gcc/nios2-elf/5.3.0/../../../../../H-x86_64-pc-linux-gnu/nios2-elf/lib/libc.a(lib_a-wsetup.o)
 .data          0x0000000001011224        0x0 /usr/local/3rdparty/altera/18.1/nios2eds/bin/gnu/H-x86_64-pc-linux-gnu/bin/../lib/gcc/nios2-elf/5.3.0/../../../../../H-x86_64-pc-linux-gnu/nios2-elf/lib/libc.a(lib_a-dtoa.o)
 .data          0x0000000001011224        0x0 /usr/local/3rdparty/altera/18.1/nios2eds/bin/gnu/H-x86_64-pc-linux-gnu/bin/../lib/gcc/nios2-elf/5.3.0/../../../../../H-x86_64-pc-linux-gnu/nios2-elf/lib/libc.a(lib_a-fflush.o)
 .data          0x0000000001011224        0x0 /usr/local/3rdparty/altera/18.1/nios2eds/bin/gnu/H-x86_64-pc-linux-gnu/bin/../lib/gcc/nios2-elf/5.3.0/../../../../../H-x86_64-pc-linux-gnu/nios2-elf/lib/libc.a(lib_a-findfp.o)
 .data          0x0000000001011224        0x0 /usr/local/3rdparty/altera/18.1/nios2eds/bin/gnu/H-x86_64-pc-linux-gnu/bin/../lib/gcc/nios2-elf/5.3.0/../../../../../H-x86_64-pc-linux-gnu/nios2-elf/lib/libc.a(lib_a-freer.o)
 .data          0x0000000001011224        0x0 /usr/local/3rdparty/altera/18.1/nios2eds/bin/gnu/H-x86_64-pc-linux-gnu/bin/../lib/gcc/nios2-elf/5.3.0/../../../../../H-x86_64-pc-linux-gnu/nios2-elf/lib/libc.a(lib_a-fvwrite.o)
 .data          0x0000000001011224        0x0 /usr/local/3rdparty/altera/18.1/nios2eds/bin/gnu/H-x86_64-pc-linux-gnu/bin/../lib/gcc/nios2-elf/5.3.0/../../../../../H-x86_64-pc-linux-gnu/nios2-elf/lib/libc.a(lib_a-fwalk.o)
 .data          0x0000000001011224        0x0 /usr/local/3rdparty/altera/18.1/nios2eds/bin/gnu/H-x86_64-pc-linux-gnu/bin/../lib/gcc/nios2-elf/5.3.0/../../../../../H-x86_64-pc-linux-gnu/nios2-elf/lib/libc.a(lib_a-gettimeofdayr.o)
 .data          0x0000000001011224        0x0 /usr/local/3rdparty/altera/18.1/nios2eds/bin/gnu/H-x86_64-pc-linux-gnu/bin/../lib/gcc/nios2-elf/5.3.0/../../../../../H-x86_64-pc-linux-gnu/nios2-elf/lib/libc.a(lib_a-impure.o)
 .data.impure_data
                0x0000000001011224      0x424 /usr/local/3rdparty/altera/18.1/nios2eds/bin/gnu/H-x86_64-pc-linux-gnu/bin/../lib/gcc/nios2-elf/5.3.0/../../../../../H-x86_64-pc-linux-gnu/nios2-elf/lib/libc.a(lib_a-impure.o)
 .data          0x0000000001011648        0x0 /usr/local/3rdparty/altera/18.1/nios2eds/bin/gnu/H-x86_64-pc-linux-gnu/bin/../lib/gcc/nios2-elf/5.3.0/../../../../../H-x86_64-pc-linux-gnu/nios2-elf/lib/libc.a(lib_a-int_errno.o)
 .data          0x0000000001011648        0x0 /usr/local/3rdparty/altera/18.1/nios2eds/bin/gnu/H-x86_64-pc-linux-gnu/bin/../lib/gcc/nios2-elf/5.3.0/../../../../../H-x86_64-pc-linux-gnu/nios2-elf/lib/libc.a(lib_a-locale.o)
 .data.lc_message_charset
                0x0000000001011648       0x20 /usr/local/3rdparty/altera/18.1/nios2eds/bin/gnu/H-x86_64-pc-linux-gnu/bin/../lib/gcc/nios2-elf/5.3.0/../../../../../H-x86_64-pc-linux-gnu/nios2-elf/lib/libc.a(lib_a-locale.o)
 .data.lc_ctype_charset
                0x0000000001011668       0x20 /usr/local/3rdparty/altera/18.1/nios2eds/bin/gnu/H-x86_64-pc-linux-gnu/bin/../lib/gcc/nios2-elf/5.3.0/../../../../../H-x86_64-pc-linux-gnu/nios2-elf/lib/libc.a(lib_a-locale.o)
 .data.lconv    0x0000000001011688       0x38 /usr/local/3rdparty/altera/18.1/nios2eds/bin/gnu/H-x86_64-pc-linux-gnu/bin/../lib/gcc/nios2-elf/5.3.0/../../../../../H-x86_64-pc-linux-gnu/nios2-elf/lib/libc.a(lib_a-locale.o)
 .data          0x00000000010116c0        0x0 /usr/local/3rdparty/altera/18.1/nios2eds/bin/gnu/H-x86_64-pc-linux-gnu/bin/../lib/gcc/nios2-elf/5.3.0/../../../../../H-x86_64-pc-linux-gnu/nios2-elf/lib/libc.a(lib_a-makebuf.o)
 .data          0x00000000010116c0        0x0 /usr/local/3rdparty/altera/18.1/nios2eds/bin/gnu/H-x86_64-pc-linux-gnu/bin/../lib/gcc/nios2-elf/5.3.0/../../../../../H-x86_64-pc-linux-gnu/nios2-elf/lib/libc.a(lib_a-mallocr.o)
 .data.__malloc_av_
                0x00000000010116c0      0x408 /usr/local/3rdparty/altera/18.1/nios2eds/bin/gnu/H-x86_64-pc-linux-gnu/bin/../lib/gcc/nios2-elf/5.3.0/../../../../../H-x86_64-pc-linux-gnu/nios2-elf/lib/libc.a(lib_a-mallocr.o)
                0x00000000010116c0                __malloc_av_
 .data          0x0000000001011ac8        0x0 /usr/local/3rdparty/altera/18.1/nios2eds/bin/gnu/H-x86_64-pc-linux-gnu/bin/../lib/gcc/nios2-elf/5.3.0/../../../../../H-x86_64-pc-linux-gnu/nios2-elf/lib/libc.a(lib_a-memchr.o)
 .data          0x0000000001011ac8        0x0 /usr/local/3rdparty/altera/18.1/nios2eds/bin/gnu/H-x86_64-pc-linux-gnu/bin/../lib/gcc/nios2-elf/5.3.0/../../../../../H-x86_64-pc-linux-gnu/nios2-elf/lib/libc.a(lib_a-memcpy.o)
 .data          0x0000000001011ac8        0x0 /usr/local/3rdparty/altera/18.1/nios2eds/bin/gnu/H-x86_64-pc-linux-gnu/bin/../lib/gcc/nios2-elf/5.3.0/../../../../../H-x86_64-pc-linux-gnu/nios2-elf/lib/libc.a(lib_a-memmove.o)
 .data          0x0000000001011ac8        0x0 /usr/local/3rdparty/altera/18.1/nios2eds/bin/gnu/H-x86_64-pc-linux-gnu/bin/../lib/gcc/nios2-elf/5.3.0/../../../../../H-x86_64-pc-linux-gnu/nios2-elf/lib/libc.a(lib_a-memset.o)
 .data          0x0000000001011ac8        0x0 /usr/local/3rdparty/altera/18.1/nios2eds/bin/gnu/H-x86_64-pc-linux-gnu/bin/../lib/gcc/nios2-elf/5.3.0/../../../../../H-x86_64-pc-linux-gnu/nios2-elf/lib/libc.a(lib_a-mprec.o)
 .data          0x0000000001011ac8        0x0 /usr/local/3rdparty/altera/18.1/nios2eds/bin/gnu/H-x86_64-pc-linux-gnu/bin/../lib/gcc/nios2-elf/5.3.0/../../../../../H-x86_64-pc-linux-gnu/nios2-elf/lib/libc.a(lib_a-reallocr.o)
 .data          0x0000000001011ac8        0x0 /usr/local/3rdparty/altera/18.1/nios2eds/bin/gnu/H-x86_64-pc-linux-gnu/bin/../lib/gcc/nios2-elf/5.3.0/../../../../../H-x86_64-pc-linux-gnu/nios2-elf/lib/libc.a(lib_a-s_fpclassify.o)
 .data          0x0000000001011ac8        0x0 /usr/local/3rdparty/altera/18.1/nios2eds/bin/gnu/H-x86_64-pc-linux-gnu/bin/../lib/gcc/nios2-elf/5.3.0/../../../../../H-x86_64-pc-linux-gnu/nios2-elf/lib/libc.a(lib_a-sbrkr.o)
 .data          0x0000000001011ac8        0x0 /usr/local/3rdparty/altera/18.1/nios2eds/bin/gnu/H-x86_64-pc-linux-gnu/bin/../lib/gcc/nios2-elf/5.3.0/../../../../../H-x86_64-pc-linux-gnu/nios2-elf/lib/libc.a(lib_a-stdio.o)
 .data          0x0000000001011ac8        0x0 /usr/local/3rdparty/altera/18.1/nios2eds/bin/gnu/H-x86_64-pc-linux-gnu/bin/../lib/gcc/nios2-elf/5.3.0/../../../../../H-x86_64-pc-linux-gnu/nios2-elf/lib/libc.a(lib_a-strcmp.o)
 .data          0x0000000001011ac8        0x0 /usr/local/3rdparty/altera/18.1/nios2eds/bin/gnu/H-x86_64-pc-linux-gnu/bin/../lib/gcc/nios2-elf/5.3.0/../../../../../H-x86_64-pc-linux-gnu/nios2-elf/lib/libc.a(lib_a-vfiprintf.o)
 .data          0x0000000001011ac8        0x0 /usr/local/3rdparty/altera/18.1/nios2eds/bin/gnu/H-x86_64-pc-linux-gnu/bin/../lib/gcc/nios2-elf/5.3.0/../../../../../H-x86_64-pc-linux-gnu/nios2-elf/lib/libc.a(lib_a-writer.o)
 .data          0x0000000001011ac8        0x0 /usr/local/3rdparty/altera/18.1/nios2eds/bin/gnu/H-x86_64-pc-linux-gnu/bin/../lib/gcc/nios2-elf/5.3.0/../../../../../H-x86_64-pc-linux-gnu/nios2-elf/lib/libc.a(closer.o)
 .data          0x0000000001011ac8        0x0 /usr/local/3rdparty/altera/18.1/nios2eds/bin/gnu/H-x86_64-pc-linux-gnu/bin/../lib/gcc/nios2-elf/5.3.0/../../../../../H-x86_64-pc-linux-gnu/nios2-elf/lib/libc.a(lib_a-callocr.o)
 .data          0x0000000001011ac8        0x0 /usr/local/3rdparty/altera/18.1/nios2eds/bin/gnu/H-x86_64-pc-linux-gnu/bin/../lib/gcc/nios2-elf/5.3.0/../../../../../H-x86_64-pc-linux-gnu/nios2-elf/lib/libc.a(lib_a-fclose.o)
 .data          0x0000000001011ac8        0x0 /usr/local/3rdparty/altera/18.1/nios2eds/bin/gnu/H-x86_64-pc-linux-gnu/bin/../lib/gcc/nios2-elf/5.3.0/../../../../../H-x86_64-pc-linux-gnu/nios2-elf/lib/libc.a(lib_a-fputwc.o)
 .data          0x0000000001011ac8        0x0 /usr/local/3rdparty/altera/18.1/nios2eds/bin/gnu/H-x86_64-pc-linux-gnu/bin/../lib/gcc/nios2-elf/5.3.0/../../../../../H-x86_64-pc-linux-gnu/nios2-elf/lib/libc.a(lib_a-fstatr.o)
 .data          0x0000000001011ac8        0x0 /usr/local/3rdparty/altera/18.1/nios2eds/bin/gnu/H-x86_64-pc-linux-gnu/bin/../lib/gcc/nios2-elf/5.3.0/../../../../../H-x86_64-pc-linux-gnu/nios2-elf/lib/libc.a(lib_a-isattyr.o)
 .data          0x0000000001011ac8        0x0 /usr/local/3rdparty/altera/18.1/nios2eds/bin/gnu/H-x86_64-pc-linux-gnu/bin/../lib/gcc/nios2-elf/5.3.0/../../../../../H-x86_64-pc-linux-gnu/nios2-elf/lib/libc.a(lib_a-lseekr.o)
 .data          0x0000000001011ac8        0x0 /usr/local/3rdparty/altera/18.1/nios2eds/bin/gnu/H-x86_64-pc-linux-gnu/bin/../lib/gcc/nios2-elf/5.3.0/../../../../../H-x86_64-pc-linux-gnu/nios2-elf/lib/libc.a(lib_a-readr.o)
 .data          0x0000000001011ac8        0x0 /usr/local/3rdparty/altera/18.1/nios2eds/bin/gnu/H-x86_64-pc-linux-gnu/bin/../lib/gcc/nios2-elf/5.3.0/../../../../../H-x86_64-pc-linux-gnu/nios2-elf/lib/libc.a(lib_a-wbuf.o)
 .data          0x0000000001011ac8        0x0 /usr/local/3rdparty/altera/18.1/nios2eds/bin/gnu/H-x86_64-pc-linux-gnu/bin/../lib/gcc/nios2-elf/5.3.0/../../../../../H-x86_64-pc-linux-gnu/nios2-elf/lib/libc.a(lib_a-wcrtomb.o)
 .data          0x0000000001011ac8        0x0 /usr/local/3rdparty/altera/18.1/nios2eds/bin/gnu/H-x86_64-pc-linux-gnu/bin/../lib/gcc/nios2-elf/5.3.0/../../../../../H-x86_64-pc-linux-gnu/nios2-elf/lib/libc.a(lib_a-wctomb_r.o)
 .data          0x0000000001011ac8        0x0 /usr/local/3rdparty/altera/18.1/nios2eds/bin/gnu/H-x86_64-pc-linux-gnu/bin/../lib/gcc/nios2-elf/5.3.0/libgcc.a(_muldi3.o)
 .data          0x0000000001011ac8        0x0 /usr/local/3rdparty/altera/18.1/nios2eds/bin/gnu/H-x86_64-pc-linux-gnu/bin/../lib/gcc/nios2-elf/5.3.0/libgcc.a(_udivdi3.o)
 .data          0x0000000001011ac8        0x0 /usr/local/3rdparty/altera/18.1/nios2eds/bin/gnu/H-x86_64-pc-linux-gnu/bin/../lib/gcc/nios2-elf/5.3.0/libgcc.a(_umoddi3.o)
 .data          0x0000000001011ac8        0x0 /usr/local/3rdparty/altera/18.1/nios2eds/bin/gnu/H-x86_64-pc-linux-gnu/bin/../lib/gcc/nios2-elf/5.3.0/libgcc.a(lib2-divmod.o)
 .data          0x0000000001011ac8        0x0 /usr/local/3rdparty/altera/18.1/nios2eds/bin/gnu/H-x86_64-pc-linux-gnu/bin/../lib/gcc/nios2-elf/5.3.0/libgcc.a(adddf3.o)
 .data          0x0000000001011ac8        0x0 /usr/local/3rdparty/altera/18.1/nios2eds/bin/gnu/H-x86_64-pc-linux-gnu/bin/../lib/gcc/nios2-elf/5.3.0/libgcc.a(divdf3.o)
 .data          0x0000000001011ac8        0x0 /usr/local/3rdparty/altera/18.1/nios2eds/bin/gnu/H-x86_64-pc-linux-gnu/bin/../lib/gcc/nios2-elf/5.3.0/libgcc.a(eqdf2.o)
 .data          0x0000000001011ac8        0x0 /usr/local/3rdparty/altera/18.1/nios2eds/bin/gnu/H-x86_64-pc-linux-gnu/bin/../lib/gcc/nios2-elf/5.3.0/libgcc.a(gedf2.o)
 .data          0x0000000001011ac8        0x0 /usr/local/3rdparty/altera/18.1/nios2eds/bin/gnu/H-x86_64-pc-linux-gnu/bin/../lib/gcc/nios2-elf/5.3.0/libgcc.a(ledf2.o)
 .data          0x0000000001011ac8        0x0 /usr/local/3rdparty/altera/18.1/nios2eds/bin/gnu/H-x86_64-pc-linux-gnu/bin/../lib/gcc/nios2-elf/5.3.0/libgcc.a(muldf3.o)
 .data          0x0000000001011ac8        0x0 /usr/local/3rdparty/altera/18.1/nios2eds/bin/gnu/H-x86_64-pc-linux-gnu/bin/../lib/gcc/nios2-elf/5.3.0/libgcc.a(subdf3.o)
 .data          0x0000000001011ac8        0x0 /usr/local/3rdparty/altera/18.1/nios2eds/bin/gnu/H-x86_64-pc-linux-gnu/bin/../lib/gcc/nios2-elf/5.3.0/libgcc.a(fixdfsi.o)
 .data          0x0000000001011ac8        0x0 /usr/local/3rdparty/altera/18.1/nios2eds/bin/gnu/H-x86_64-pc-linux-gnu/bin/../lib/gcc/nios2-elf/5.3.0/libgcc.a(floatsidf.o)
 .data          0x0000000001011ac8        0x0 /usr/local/3rdparty/altera/18.1/nios2eds/bin/gnu/H-x86_64-pc-linux-gnu/bin/../lib/gcc/nios2-elf/5.3.0/libgcc.a(floatunsidf.o)
 .data          0x0000000001011ac8        0x0 ../lights_bsp//libhal_bsp.a(alt_close.o)
 .data          0x0000000001011ac8      0x1a8 ../lights_bsp//libhal_bsp.a(alt_dev.o)
                0x0000000001011ac8                alt_dev_null
                0x0000000001011af0                alt_fd_list
 .data          0x0000000001011c70        0x0 ../lights_bsp//libhal_bsp.a(alt_errno.o)
 .data          0x0000000001011c70        0x0 ../lights_bsp//libhal_bsp.a(alt_fstat.o)
 .data          0x0000000001011c70        0x0 ../lights_bsp//libhal_bsp.a(alt_gettod.o)
 .data          0x0000000001011c70        0x0 ../lights_bsp//libhal_bsp.a(alt_isatty.o)
 .data          0x0000000001011c70        0x0 ../lights_bsp//libhal_bsp.a(alt_load.o)
 .data          0x0000000001011c70        0x0 ../lights_bsp//libhal_bsp.a(alt_lseek.o)
 .data          0x0000000001011c70        0x0 ../lights_bsp//libhal_bsp.a(alt_main.o)
 .data          0x0000000001011c70        0x0 ../lights_bsp//libhal_bsp.a(alt_malloc_lock.o)
 .data          0x0000000001011c70        0x0 ../lights_bsp//libhal_bsp.a(alt_read.o)
 .data          0x0000000001011c70        0x0 ../lights_bsp//libhal_bsp.a(alt_release_fd.o)
 .data          0x0000000001011c70        0x0 ../lights_bsp//libhal_bsp.a(alt_sbrk.o)
 .data          0x0000000001011c70        0x0 ../lights_bsp//libhal_bsp.a(alt_tick.o)
 .data          0x0000000001011c70        0x0 ../lights_bsp//libhal_bsp.a(alt_usleep.o)
 .data          0x0000000001011c70        0x0 ../lights_bsp//libhal_bsp.a(alt_write.o)
 .data          0x0000000001011c70     0x1060 ../lights_bsp//libhal_bsp.a(alt_sys_init.o)
 .data          0x0000000001012cd0        0x0 ../lights_bsp//libhal_bsp.a(altera_avalon_jtag_uart_fd.o)
 .data          0x0000000001012cd0        0x0 ../lights_bsp//libhal_bsp.a(altera_avalon_jtag_uart_init.o)
 .data          0x0000000001012cd0        0x0 ../lights_bsp//libhal_bsp.a(altera_avalon_jtag_uart_ioctl.o)
 .data          0x0000000001012cd0        0x0 ../lights_bsp//libhal_bsp.a(altera_avalon_jtag_uart_read.o)
 .data          0x0000000001012cd0        0x0 ../lights_bsp//libhal_bsp.a(altera_avalon_jtag_uart_write.o)
 .data          0x0000000001012cd0        0x0 ../lights_bsp//libhal_bsp.a(alt_alarm_start.o)
 .data          0x0000000001012cd0        0x0 ../lights_bsp//libhal_bsp.a(alt_busy_sleep.o)
 .data          0x0000000001012cd0        0x0 ../lights_bsp//libhal_bsp.a(alt_dcache_flush_all.o)
 .data          0x0000000001012cd0        0x0 ../lights_bsp//libhal_bsp.a(alt_dev_llist_insert.o)
 .data          0x0000000001012cd0        0x0 ../lights_bsp//libhal_bsp.a(alt_do_ctors.o)
 .data          0x0000000001012cd0        0x0 ../lights_bsp//libhal_bsp.a(alt_do_dtors.o)
 .data          0x0000000001012cd0        0x0 ../lights_bsp//libhal_bsp.a(alt_icache_flush_all.o)
 .data          0x0000000001012cd0        0x0 ../lights_bsp//libhal_bsp.a(alt_iic.o)
 .data          0x0000000001012cd0        0x0 ../lights_bsp//libhal_bsp.a(alt_iic_isr_register.o)
 .data          0x0000000001012cd0        0x0 ../lights_bsp//libhal_bsp.a(alt_io_redirect.o)
 .data          0x0000000001012cd0        0x0 ../lights_bsp//libhal_bsp.a(alt_irq_entry.o)
 .data          0x0000000001012cd0        0x0 ../lights_bsp//libhal_bsp.a(alt_irq_handler.o)
 .data          0x0000000001012cd0        0x0 ../lights_bsp//libhal_bsp.a(alt_irq_vars.o)
 .data          0x0000000001012cd0        0x0 ../lights_bsp//libhal_bsp.a(alt_open.o)
 .data          0x0000000001012cd0        0x0 ../lights_bsp//libhal_bsp.a(altera_nios2_gen2_irq.o)
 .data          0x0000000001012cd0        0x0 ../lights_bsp//libhal_bsp.a(alt_exception_entry.o)
 .data          0x0000000001012cd0        0x0 ../lights_bsp//libhal_bsp.a(alt_find_dev.o)
 .data          0x0000000001012cd0        0x0 ../lights_bsp//libhal_bsp.a(alt_find_file.o)
 .data          0x0000000001012cd0        0x0 ../lights_bsp//libhal_bsp.a(alt_get_fd.o)
 .data          0x0000000001012cd0        0x0 ../lights_bsp//libhal_bsp.a(alt_icache_flush.o)
 .data          0x0000000001012cd0        0x0 ../lights_bsp//libhal_bsp.a(alt_instruction_exception_entry.o)
 .data          0x0000000001012cd0        0x0 /usr/local/3rdparty/altera/18.1/nios2eds/bin/gnu/H-x86_64-pc-linux-gnu/bin/../lib/gcc/nios2-elf/5.3.0/../../../../../H-x86_64-pc-linux-gnu/nios2-elf/lib/libc.a(lib_a-atexit.o)
 .data          0x0000000001012cd0        0x0 /usr/local/3rdparty/altera/18.1/nios2eds/bin/gnu/H-x86_64-pc-linux-gnu/bin/../lib/gcc/nios2-elf/5.3.0/../../../../../H-x86_64-pc-linux-gnu/nios2-elf/lib/libc.a(lib_a-exit.o)
 .data          0x0000000001012cd0        0x0 /usr/local/3rdparty/altera/18.1/nios2eds/bin/gnu/H-x86_64-pc-linux-gnu/bin/../lib/gcc/nios2-elf/5.3.0/../../../../../H-x86_64-pc-linux-gnu/nios2-elf/lib/libc.a(lib_a-memcmp.o)
 .data          0x0000000001012cd0        0x0 /usr/local/3rdparty/altera/18.1/nios2eds/bin/gnu/H-x86_64-pc-linux-gnu/bin/../lib/gcc/nios2-elf/5.3.0/../../../../../H-x86_64-pc-linux-gnu/nios2-elf/lib/libc.a(lib_a-__atexit.o)
 .data          0x0000000001012cd0        0x0 /usr/local/3rdparty/altera/18.1/nios2eds/bin/gnu/H-x86_64-pc-linux-gnu/bin/../lib/gcc/nios2-elf/5.3.0/../../../../../H-x86_64-pc-linux-gnu/nios2-elf/lib/libc.a(lib_a-__call_atexit.o)
 .data          0x0000000001012cd0        0x0 ../lights_bsp//libhal_bsp.a(alt_exit.o)
                0x000000000101acd0                _gp = ABSOLUTE ((. + 0x8000))
                [!provide]                        PROVIDE (gp, _gp)
 *(.rwdata .rwdata.*)
 *(.sdata .sdata.* .gnu.linkonce.s.*)
 .sdata         0x0000000001012cd0        0x8 obj/default/hello_world.o
                0x0000000001012cd0                pwm_frequency
                0x0000000001012cd4                dim_period
 .sdata._global_impure_ptr
                0x0000000001012cd8        0x4 /usr/local/3rdparty/altera/18.1/nios2eds/bin/gnu/H-x86_64-pc-linux-gnu/bin/../lib/gcc/nios2-elf/5.3.0/../../../../../H-x86_64-pc-linux-gnu/nios2-elf/lib/libc.a(lib_a-impure.o)
                0x0000000001012cd8                _global_impure_ptr
 .sdata._impure_ptr
                0x0000000001012cdc        0x4 /usr/local/3rdparty/altera/18.1/nios2eds/bin/gnu/H-x86_64-pc-linux-gnu/bin/../lib/gcc/nios2-elf/5.3.0/../../../../../H-x86_64-pc-linux-gnu/nios2-elf/lib/libc.a(lib_a-impure.o)
                0x0000000001012cdc                _impure_ptr
 .sdata.__mb_cur_max
                0x0000000001012ce0        0x4 /usr/local/3rdparty/altera/18.1/nios2eds/bin/gnu/H-x86_64-pc-linux-gnu/bin/../lib/gcc/nios2-elf/5.3.0/../../../../../H-x86_64-pc-linux-gnu/nios2-elf/lib/libc.a(lib_a-locale.o)
                0x0000000001012ce0                __mb_cur_max
 .sdata.__malloc_sbrk_base
                0x0000000001012ce4        0x4 /usr/local/3rdparty/altera/18.1/nios2eds/bin/gnu/H-x86_64-pc-linux-gnu/bin/../lib/gcc/nios2-elf/5.3.0/../../../../../H-x86_64-pc-linux-gnu/nios2-elf/lib/libc.a(lib_a-mallocr.o)
                0x0000000001012ce4                __malloc_sbrk_base
 .sdata.__malloc_trim_threshold
                0x0000000001012ce8        0x4 /usr/local/3rdparty/altera/18.1/nios2eds/bin/gnu/H-x86_64-pc-linux-gnu/bin/../lib/gcc/nios2-elf/5.3.0/../../../../../H-x86_64-pc-linux-gnu/nios2-elf/lib/libc.a(lib_a-mallocr.o)
                0x0000000001012ce8                __malloc_trim_threshold
 .sdata.__wctomb
                0x0000000001012cec        0x4 /usr/local/3rdparty/altera/18.1/nios2eds/bin/gnu/H-x86_64-pc-linux-gnu/bin/../lib/gcc/nios2-elf/5.3.0/../../../../../H-x86_64-pc-linux-gnu/nios2-elf/lib/libc.a(lib_a-wctomb_r.o)
                0x0000000001012cec                __wctomb
 .sdata         0x0000000001012cf0       0x14 ../lights_bsp//libhal_bsp.a(alt_dev.o)
                0x0000000001012cf0                alt_fs_list
                0x0000000001012cf8                alt_dev_list
                0x0000000001012d00                alt_max_fd
 .sdata         0x0000000001012d04        0x4 ../lights_bsp//libhal_bsp.a(alt_errno.o)
                0x0000000001012d04                alt_errno
 .sdata         0x0000000001012d08        0x4 ../lights_bsp//libhal_bsp.a(alt_sbrk.o)
 .sdata         0x0000000001012d0c        0x8 ../lights_bsp//libhal_bsp.a(alt_tick.o)
                0x0000000001012d0c                alt_alarm_list
 .sdata         0x0000000001012d14        0x4 ../lights_bsp//libhal_bsp.a(alt_irq_vars.o)
                0x0000000001012d14                alt_priority_mask
 *(.sdata2 .sdata2.* .gnu.linkonce.s2.*)
                0x0000000001012d18                . = ALIGN (0x4)
                0x0000000001012d18                _edata = ABSOLUTE (.)
                [!provide]                        PROVIDE (edata, ABSOLUTE (.))
                0x0000000001012d18                PROVIDE (__ram_rwdata_end, ABSOLUTE (.))
                0x0000000001012d18                PROVIDE (__flash_rwdata_start, LOADADDR (.rwdata))

.bss            0x000000000101480c      0x170
                0x000000000101480c                __bss_start = ABSOLUTE (.)
                [!provide]                        PROVIDE (__sbss_start, ABSOLUTE (.))
                [!provide]                        PROVIDE (___sbss_start, ABSOLUTE (.))
 *(.dynsbss)
 *(.sbss .sbss.* .gnu.linkonce.sb.*)
 .sbss          0x000000000101480c        0x4 /usr/local/3rdparty/altera/18.1/nios2eds/bin/gnu/H-x86_64-pc-linux-gnu/bin/../lib/gcc/nios2-elf/5.3.0/../../../../../H-x86_64-pc-linux-gnu/nios2-elf/lib/libc.a(lib_a-int_errno.o)
                0x000000000101480c                errno
 .sbss._PathLocale
                0x0000000001014810        0x4 /usr/local/3rdparty/altera/18.1/nios2eds/bin/gnu/H-x86_64-pc-linux-gnu/bin/../lib/gcc/nios2-elf/5.3.0/../../../../../H-x86_64-pc-linux-gnu/nios2-elf/lib/libc.a(lib_a-locale.o)
                0x0000000001014810                _PathLocale
 .sbss.__mlocale_changed
                0x0000000001014814        0x4 /usr/local/3rdparty/altera/18.1/nios2eds/bin/gnu/H-x86_64-pc-linux-gnu/bin/../lib/gcc/nios2-elf/5.3.0/../../../../../H-x86_64-pc-linux-gnu/nios2-elf/lib/libc.a(lib_a-locale.o)
                0x0000000001014814                __mlocale_changed
 .sbss.__nlocale_changed
                0x0000000001014818        0x4 /usr/local/3rdparty/altera/18.1/nios2eds/bin/gnu/H-x86_64-pc-linux-gnu/bin/../lib/gcc/nios2-elf/5.3.0/../../../../../H-x86_64-pc-linux-gnu/nios2-elf/lib/libc.a(lib_a-locale.o)
                0x0000000001014818                __nlocale_changed
 .sbss.__malloc_max_total_mem
                0x000000000101481c        0x4 /usr/local/3rdparty/altera/18.1/nios2eds/bin/gnu/H-x86_64-pc-linux-gnu/bin/../lib/gcc/nios2-elf/5.3.0/../../../../../H-x86_64-pc-linux-gnu/nios2-elf/lib/libc.a(lib_a-mallocr.o)
                0x000000000101481c                __malloc_max_total_mem
 .sbss.__malloc_max_sbrked_mem
                0x0000000001014820        0x4 /usr/local/3rdparty/altera/18.1/nios2eds/bin/gnu/H-x86_64-pc-linux-gnu/bin/../lib/gcc/nios2-elf/5.3.0/../../../../../H-x86_64-pc-linux-gnu/nios2-elf/lib/libc.a(lib_a-mallocr.o)
                0x0000000001014820                __malloc_max_sbrked_mem
 .sbss.__malloc_top_pad
                0x0000000001014824        0x4 /usr/local/3rdparty/altera/18.1/nios2eds/bin/gnu/H-x86_64-pc-linux-gnu/bin/../lib/gcc/nios2-elf/5.3.0/../../../../../H-x86_64-pc-linux-gnu/nios2-elf/lib/libc.a(lib_a-mallocr.o)
                0x0000000001014824                __malloc_top_pad
 .sbss          0x0000000001014828       0x10 ../lights_bsp//libhal_bsp.a(alt_gettod.o)
                0x0000000001014828                alt_timezone
                0x0000000001014830                alt_resettime
 .sbss          0x0000000001014838        0xc ../lights_bsp//libhal_bsp.a(alt_main.o)
                0x0000000001014838                alt_argc
                0x000000000101483c                alt_argv
                0x0000000001014840                alt_envp
 .sbss          0x0000000001014844        0x8 ../lights_bsp//libhal_bsp.a(alt_tick.o)
                0x0000000001014844                _alt_tick_rate
                0x0000000001014848                _alt_nticks
 .sbss          0x000000000101484c        0x4 ../lights_bsp//libhal_bsp.a(alt_irq_vars.o)
                0x000000000101484c                alt_irq_active