------------------------------------------------------------
Timing Analyzer Summary
------------------------------------------------------------

Type  : Slow 1200mV 85C Model Setup 'CLOCK_50'
Slack : -56.063
TNS   : -509.297

Type  : Slow 1200mV 85C Model Setup 'u0|sys_sdram_pll_0|sys_pll|PLL_for_DE_Series_Boards|auto_generated|pll1|clk[0]'
Slack : 7.788
TNS   : 0.000

Type  : Slow 1200mV 85C Model Setup 'u0|sys_sdram_pll_0|sys_pll|PLL_for_DE_Series_Boards|auto_generated|pll1|clk[1]'
Slack : 8.382
TNS   : 0.000

Type  : Slow 1200mV 85C Model Setup 'altera_reserved_tck'
Slack : 43.005
TNS   : 0.000

Type  : Slow 1200mV 85C Model Hold 'CLOCK_50'
Slack : 0.305
TNS   : 0.000

Type  : Slow 1200mV 85C Model Hold 'u0|sys_sdram_pll_0|sys_pll|PLL_for_DE_Series_Boards|auto_generated|pll1|clk[0]'
Slack : 0.329
TNS   : 0.000

Type  : Slow 1200mV 85C Model Hold 'u0|sys_sdram_pll_0|sys_pll|PLL_for_DE_Series_Boards|auto_generated|pll1|clk[1]'
Slack : 0.383
TNS   : 0.000

Type  : Slow 1200mV 85C Model Hold 'altera_reserved_tck'
Slack : 0.402
TNS   : 0.000

Type  : Slow 1200mV 85C Model Recovery 'u0|sys_sdram_pll_0|sys_pll|PLL_for_DE_Series_Boards|auto_generated|pll1|clk[1]'
Slack : 12.874
TNS   : 0.000

Type  : Slow 1200mV 85C Model Recovery 'CLOCK_50'
Slack : 13.975
TNS   : 0.000

Type  : Slow 1200mV 85C Model Recovery 'u0|sys_sdram_pll_0|sys_pll|PLL_for_DE_Series_Boards|auto_generated|pll1|clk[0]'
Slack : 14.575
TNS   : 0.000

Type  : Slow 1200mV 85C Model Recovery 'altera_reserved_tck'
Slack : 46.582
TNS   : 0.000

Type  : Slow 1200mV 85C Model Removal 'altera_reserved_tck'
Slack : 1.198
TNS   : 0.000

Type  : Slow 1200mV 85C Model Removal 'u0|sys_sdram_pll_0|sys_pll|PLL_for_DE_Series_Boards|auto_generated|pll1|clk[0]'
Slack : 3.772
TNS   : 0.000

Type  : Slow 1200mV 85C Model Removal 'CLOCK_50'
Slack : 4.511
TNS   : 0.000

Type  : Slow 1200mV 85C Model Removal 'u0|sys_sdram_pll_0|sys_pll|PLL_for_DE_Series_Boards|auto_generated|pll1|clk[1]'
Slack : 5.362
TNS   : 0.000

Type  : Slow 1200mV 85C Model Minimum Pulse Width 'CLOCK_50'
Slack : 9.557
TNS   : 0.000

Type  : Slow 1200mV 85C Model Minimum Pulse Width 'u0|sys_sdram_pll_0|sys_pll|PLL_for_DE_Series_Boards|auto_generated|pll1|clk[0]'
Slack : 9.622
TNS   : 0.000

Type  : Slow 1200mV 85C Model Minimum Pulse Width 'u0|sys_sdram_pll_0|sys_pll|PLL_for_DE_Series_Boards|auto_generated|pll1|clk[1]'
Slack : 9.701
TNS   : 0.000

Type  : Slow 1200mV 85C Model Minimum Pulse Width 'altera_reserved_tck'
Slack : 49.502
TNS   : 0.000

Type  : Slow 1200mV 0C Model Setup 'CLOCK_50'
Slack : -48.581
TNS   : -428.285

Type  : Slow 1200mV 0C Model Setup 'u0|sys_sdram_pll_0|sys_pll|PLL_for_DE_Series_Boards|auto_generated|pll1|clk[0]'
Slack : 8.701
TNS   : 0.000

Type  : Slow 1200mV 0C Model Setup 'u0|sys_sdram_pll_0|sys_pll|PLL_for_DE_Series_Boards|auto_generated|pll1|clk[1]'
Slack : 9.501
TNS   : 0.000

Type  : Slow 1200mV 0C Model Setup 'altera_reserved_tck'
Slack : 43.719
TNS   : 0.000

Type  : Slow 1200mV 0C Model Hold 'CLOCK_50'
Slack : 0.303
TNS   : 0.000

Type  : Slow 1200mV 0C Model Hold 'u0|sys_sdram_pll_0|sys_pll|PLL_for_DE_Series_Boards|auto_generated|pll1|clk[0]'
Slack : 0.332
TNS   : 0.000

Type  : Slow 1200mV 0C Model Hold 'u0|sys_sdram_pll_0|sys_pll|PLL_for_DE_Series_Boards|auto_generated|pll1|clk[1]'
Slack : 0.337
TNS   : 0.000

Type  : Slow 1200mV 0C Model Hold 'altera_reserved_tck'
Slack : 0.353
TNS   : 0.000

Type  : Slow 1200mV 0C Model Recovery 'u0|sys_sdram_pll_0|sys_pll|PLL_for_DE_Series_Boards|auto_generated|pll1|clk[1]'
Slack : 13.597
TNS   : 0.000

Type  : Slow 1200mV 0C Model Recovery 'CLOCK_50'
Slack : 14.509
TNS   : 0.000

Type  : Slow 1200mV 0C Model Recovery 'u0|sys_sdram_pll_0|sys_pll|PLL_for_DE_Series_Boards|auto_generated|pll1|clk[0]'
Slack : 15.168
TNS   : 0.000

Type  : Slow 1200mV 0C Model Recovery 'altera_reserved_tck'
Slack : 46.921
TNS   : 0.000

Type  : Slow 1200mV 0C Model Removal 'altera_reserved_tck'
Slack : 1.103
TNS   : 0.000

Type  : Slow 1200mV 0C Model Removal 'u0|sys_sdram_pll_0|sys_pll|PLL_for_DE_Series_Boards|auto_generated|pll1|clk[0]'
Slack : 3.419
TNS   : 0.000

Type  : Slow 1200mV 0C Model Removal 'CLOCK_50'
Slack : 4.026
TNS   : 0.000

Type  : Slow 1200mV 0C Model Removal 'u0|sys_sdram_pll_0|sys_pll|PLL_for_DE_Series_Boards|auto_generated|pll1|clk[1]'
Slack : 4.881
TNS   : 0.000

Type  : Slow 1200mV 0C Model Minimum Pulse Width 'CLOCK_50'
Slack : 9.562
TNS   : 0.000

Type  : Slow 1200mV 0C Model Minimum Pulse Width 'u0|sys_sdram_pll_0|sys_pll|PLL_for_DE_Series_Boards|auto_generated|pll1|clk[0]'
Slack : 9.650
TNS   : 0.000

Type  : Slow 1200mV 0C Model Minimum Pulse Width 'u0|sys_sdram_pll_0|sys_pll|PLL_for_DE_Series_Boards|auto_generated|pll1|clk[1]'
Slack : 9.688
TNS   : 0.000

Type  : Slow 1200mV 0C Model Minimum Pulse Width 'altera_reserved_tck'
Slack : 49.416
TNS   : 0.000

Type  : Fast 1200mV 0C Model Setup 'CLOCK_50'
Slack : -17.169
TNS   : -105.822

Type  : Fast 1200mV 0C Model Setup 'u0|sys_sdram_pll_0|sys_pll|PLL_for_DE_Series_Boards|auto_generated|pll1|clk[0]'
Slack : 13.793
TNS   : 0.000

Type  : Fast 1200mV 0C Model Setup 'u0|sys_sdram_pll_0|sys_pll|PLL_for_DE_Series_Boards|auto_generated|pll1|clk[1]'
Slack : 13.931
TNS   : 0.000

Type  : Fast 1200mV 0C Model Setup 'altera_reserved_tck'
Slack : 46.770
TNS   : 0.000

Type  : Fast 1200mV 0C Model Hold 'CLOCK_50'
Slack : 0.109
TNS   : 0.000

Type  : Fast 1200mV 0C Model Hold 'u0|sys_sdram_pll_0|sys_pll|PLL_for_DE_Series_Boards|auto_generated|pll1|clk[0]'
Slack : 0.128
TNS   : 0.000

Type  : Fast 1200mV 0C Model Hold 'u0|sys_sdram_pll_0|sys_pll|PLL_for_DE_Series_Boards|auto_generated|pll1|clk[1]'
Slack : 0.172
TNS   : 0.000

Type  : Fast 1200mV 0C Model Hold 'altera_reserved_tck'
Slack : 0.180
TNS   : 0.000

Type  : Fast 1200mV 0C Model Recovery 'u0|sys_sdram_pll_0|sys_pll|PLL_for_DE_Series_Boards|auto_generated|pll1|clk[1]'
Slack : 16.128
TNS   : 0.000

Type  : Fast 1200mV 0C Model Recovery 'CLOCK_50'
Slack : 16.734
TNS   : 0.000

Type  : Fast 1200mV 0C Model Recovery 'u0|sys_sdram_pll_0|sys_pll|PLL_for_DE_Series_Boards|auto_generated|pll1|clk[0]'
Slack : 17.078
TNS   : 0.000

Type  : Fast 1200mV 0C Model Recovery 'altera_reserved_tck'
Slack : 48.515
TNS   : 0.000

Type  : Fast 1200mV 0C Model Removal 'altera_reserved_tck'
Slack : 0.558
TNS   : 0.000

Type  : Fast 1200mV 0C Model Removal 'u0|sys_sdram_pll_0|sys_pll|PLL_for_DE_Series_Boards|auto_generated|pll1|clk[0]'
Slack : 1.995
TNS   : 0.000

Type  : Fast 1200mV 0C Model Removal 'CLOCK_50'
Slack : 2.329
TNS   : 0.000

Type  : Fast 1200mV 0C Model Removal 'u0|sys_sdram_pll_0|sys_pll|PLL_for_DE_Series_Boards|auto_generated|pll1|clk[1]'
Slack : 2.795
TNS   : 0.000

Type  : Fast 1200mV 0C Model Minimum Pulse Width 'CLOCK_50'
Slack : 9.203
TNS   : 0.000

Type  : Fast 1200mV 0C Model Minimum Pulse Width 'u0|sys_sdram_pll_0|sys_pll|PLL_for_DE_Series_Boards|auto_generated|pll1|clk[0]'
Slack : 9.750
TNS   : 0.000

Type  : Fast 1200mV 0C Model Minimum Pulse Width 'u0|sys_sdram_pll_0|sys_pll|PLL_for_DE_Series_Boards|auto_generated|pll1|clk[1]'
Slack : 9.779
TNS   : 0.000

Type  : Fast 1200mV 0C Model Minimum Pulse Width 'altera_reserved_tck'
Slack : 49.286
TNS   : 0.000

------------------------------------------------------------
